=== WackeEdl Console Log - 2026-02-27 21:38:02 ===
OS: Microsoft Windows NT 10.0.26200.0

[21:38:02.366] [QMSL][Bootstrap] loaded: D:\G_Dragon\Code\WackClientCore依赖项目\QualcommConsole\bin\Release\net9.0-windows\win-x86\publish\runtime\qmsl\EE696BE295D44077\QMSL_MSVC10R.dll
[21:38:02.366] [QMSL][Bootstrap] loaded from embedded resource 'WackeEdl.Qualcomm.Native.QMSL_MSVC10R.dll'.
[21:38:19.860] [ProbeMode] start port=COM8
[21:38:19.903] [ProbeMode] detected from residual buffer: mode=Sahara, reason=hello(48B)
[21:38:19.905] [ProbeMode] controller cached Sahara hello (48 bytes) for COM8.
[21:38:34.400] [ProbeMode] imported cached Sahara hello (48 bytes).
[21:38:34.400] [ProbeMode] controller replayed Sahara hello (48 bytes) for COM8.
[21:38:34.404] [ProbeMode] applied cached Sahara hello (48 bytes).
[21:38:34.404] [Monitor:Sahara] 启动: Sahara 握手 (超时=45s)
[21:38:34.404] [Sahara] 收到 Hello 包
[21:38:34.404] [Sahara] HELLO (版本=2, 模式=0)
[21:38:34.404] [Sahara] 尝试进入命令模式 (v2)...
[21:38:34.405] [Sahara] 设备接受命令模式
[21:38:34.407] [Sahara] 切换回传输模式...
[21:38:34.458] [Sahara] 命令模式完成，等待新 Hello...
[21:38:34.458] [Sahara] 收到 Hello 包
[21:38:34.458] [Sahara] 发送 HelloResponse (传输模式)
[21:38:34.616] [Sahara] 镜像传输完成，发送 Done
[21:38:34.616] [Monitor:Sahara] 停止
[21:38:36.131] [Device] INFO: Calling handler for configure
[21:38:36.137] [Device] INFO: Calling handler for configure
[21:38:36.137] [Device] INFO: Storage type set to value UFS
[21:38:36.137] [Device] WARN: NAK: MaxPayloadSizeToTargetInBytes sent by host 16777216 larger than supported 16384
[21:38:46.656] 正在读取 GUID 分区表...
[21:38:46.656] [GPT] LUN0 标准模式读取 256 扇区 (1024KB)...
[21:38:46.656] [Read] LUN0 扇区0+256 (1.00 MB) 标准模式
[21:38:46.796] [GPT] LUN0 收到 1048576 字节
[21:38:46.796] [GPT] LUN0 读取完成: 1048576 字节 (139ms)
[21:38:46.796] [GPT] LUN0 找到 GPT 签名 @ 偏移 4096
[21:38:46.796] [GPT] LUN0 开始解析 GPT (数据大小: 1048576 字节, 当前扇区大小: 4096B)
[21:38:46.796] [GPT] 在偏移 4096 处找到 GPT Header
[21:38:46.796] [GPT] 自动检测扇区大小: 4096 字节 (Header偏移=4096, MyLBA=1)
[21:38:46.796] [GPT] LUN0 解析: Header@4096, SectorSize=4096, EntrySize=128
[21:38:46.796] [GPT] Header: PartitionEntryLba=2, Entries=64
[21:38:46.796] [GPT] 分区条目偏移: 8192 (PartitionEntryLba(2) * 4096B)
[21:38:46.796] [GPT] #1: switch @ LBA 6 (8 KB)
[21:38:46.796] [GPT] #2: ssd @ LBA 8 (32 KB)
[21:38:46.796] [GPT] #3: dbg @ LBA 16 (32 KB)
[21:38:46.796] [GPT] #4: bk01 @ LBA 24 (32 KB)
[21:38:46.796] [GPT] #5: bk02 @ LBA 32 (128 KB)
[21:38:46.796] [GPT] #20: super @ LBA 573440 (8.50 GB)
[21:38:46.796] [GPT] LUN0 解析完成: 33 个分区
[21:38:46.796] [Slot] 检测到 2 个 A/B 分区
[21:38:46.796] [Slot] 使用 2 个分区进行槽位判断
[21:38:46.796] [Slot] A激活=1, B激活=0
[21:38:46.796] [Slot] A优先级=0.00, B优先级=0.00
[21:38:46.796] [Slot] Slot A 分区:
[21:38:46.797] [Slot]   vbmeta_system_a      Pri=0 Act=True Suc=False Unb=False
[21:38:46.797] [Slot] Slot B 分区:
[21:38:46.797] [Slot]   vbmeta_system_b      Pri=0 Act=False Suc=False Unb=False
[21:38:46.797] [GPT] LUN0: 33 个分区, 槽位: a (Active 标志)
[21:38:46.797] [GPT] LUN0 GPT Header 详情:
[21:38:46.797] [GPT]   类型: gptmain, 版本: 00010000, Header大小: 92B
[21:38:46.797] [GPT]   磁盘 GUID: 9CE5A583-40E8-D51B-77D0-9EA18547EB6D
[21:38:46.797] [GPT]   MyLBA: 1, AlternateLBA: 30617599
[21:38:46.797] [GPT]   可用区域: LBA 6 - 30617594
[21:38:46.797] [GPT]   分区条目: LBA 2, 数量: 64, 条目大小: 128B
[21:38:46.797] [GPT]   扇区大小: 4096B, CRC: 有效
[21:38:46.797] [GPT]   A/B 槽位: a (Active 标志)
[21:38:46.797] [GPT] LUN0 解析结果: 33 个分区
[21:38:46.797] [GPT]   switch                         LBA          6 -          7        8 KB
[21:38:46.797] [GPT]   ssd                            LBA          8 -         15       32 KB
[21:38:46.797] [GPT]   dbg                            LBA         16 -         23       32 KB
[21:38:46.797] [GPT]   bk01                           LBA         24 -         31       32 KB
[21:38:46.797] [GPT]   bk02                           LBA         32 -         63      128 KB
[21:38:46.797] [GPT]   bk03                           LBA         64 -        127      256 KB
[21:38:46.797] [GPT]   bk04                           LBA        128 -        255      512 KB
[21:38:46.797] [GPT]   persist                        LBA        256 -      16639    64.00 MB
[21:38:46.797] [GPT]   persistbak                     LBA      16640 -      33023    64.00 MB
[21:38:46.797] [GPT]   countrycode                    LBA      33024 -      33535     2.00 MB
[21:38:46.797] [GPT]   misc                           LBA      33536 -      34559     4.00 MB
[21:38:46.797] [GPT]   bk06                           LBA      34560 -      36607     8.00 MB
[21:38:46.797] [GPT]   keystore                       LBA      36608 -      36735      512 KB
[21:38:46.797] [GPT]   frp                            LBA      36736 -      36863      512 KB
[21:38:46.797] [GPT]   bk07                           LBA      36864 -      38911     8.00 MB
[21:38:46.797] [GPT]   ffu                            LBA      38912 -      40959     8.00 MB
[21:38:46.797] [GPT]   oops                           LBA      40960 -      45055    16.00 MB
[21:38:46.797] [GPT]   devinfo                        LBA      45056 -      49151    16.00 MB
[21:38:46.797] [GPT]   cust                           LBA      49152 -     573439     2.00 GB
[21:38:46.797] [GPT]   super                          LBA     573440 -    2801663     8.50 GB
[21:38:46.797] [GPT]   vbmeta_system_a                LBA    2801664 -    2801695      128 KB
[21:38:46.797] [GPT]   vbmeta_system_b                LBA    2801696 -    2801727      128 KB
[21:38:46.797] [GPT]   bk010                          LBA    2801728 -    2809855    31.75 MB
[21:38:46.797] [GPT]   metadata                       LBA    2809856 -    2813951    16.00 MB
[21:38:46.797] [GPT]   bk08                           LBA    2813952 -    2818047    16.00 MB
[21:38:46.797] [GPT]   splash                         LBA    2818048 -    2826239    32.00 MB
[21:38:46.797] [GPT]   bk09                           LBA    2826240 -    2834431    32.00 MB
[21:38:46.797] [GPT]   mtdblk                         LBA    2834432 -    2842623    32.00 MB
[21:38:46.797] [GPT]   logdump                        LBA    2842624 -    2859007    64.00 MB
[21:38:46.797] [GPT]   minidump                       LBA    2859008 -    2883583    96.00 MB
[21:38:46.797] [GPT]   rawdump                        LBA    2883584 -    2934783   200.00 MB
[21:38:46.797] [GPT]   rescue                         LBA    2934784 -    2967551   128.00 MB
[21:38:46.797] [GPT]   userdata                       LBA    2967552 -   30617594   105.48 GB
[21:38:46.851] [GPT] LUN1 标准模式读取 256 扇区 (1024KB)...
[21:38:46.881] [GPT] LUN1 收到 1048576 字节
[21:38:46.881] [GPT] LUN1 读取完成: 1048576 字节 (84ms)
[21:38:46.881] [GPT] LUN1 找到 GPT 签名 @ 偏移 4096
[21:38:46.881] [GPT] LUN1 开始解析 GPT (数据大小: 1048576 字节, 当前扇区大小: 4096B)
[21:38:46.881] [GPT] 在偏移 4096 处找到 GPT Header
[21:38:46.881] [GPT] 自动检测扇区大小: 4096 字节 (Header偏移=4096, MyLBA=1)
[21:38:46.881] [GPT] LUN1 解析: Header@4096, SectorSize=4096, EntrySize=128
[21:38:46.881] [GPT] Header: PartitionEntryLba=2, Entries=32
[21:38:46.881] [GPT] 分区条目偏移: 8192 (PartitionEntryLba(2) * 4096B)
[21:38:46.881] [GPT] #1: xbl_a @ LBA 6 (8.00 MB)
[21:38:46.881] [GPT] #2: xbl_config_a @ LBA 2054 (512 KB)
[21:38:46.881] [GPT] LUN1 解析完成: 2 个分区
[21:38:46.881] [Slot] 检测到 2 个 A/B 分区
[21:38:46.881] [Slot] 使用 1 个分区进行槽位判断
[21:38:46.881] [Slot] A激活=1, B激活=0
[21:38:46.881] [Slot] A优先级=0.00, B优先级=0.00
[21:38:46.882] [Slot] Slot A 分区:
[21:38:46.882] [Slot]   xbl_a                Pri=0 Act=True Suc=False Unb=False
[21:38:46.882] [Slot] Slot B 分区:
[21:38:46.882] [GPT] LUN1: 2 个分区, 槽位: a (Active 标志)
[21:38:46.882] [GPT] LUN1 GPT Header 详情:
[21:38:46.882] [GPT]   类型: gptmain, 版本: 00010000, Header大小: 92B
[21:38:46.882] [GPT]   磁盘 GUID: 8885BD61-B133-599B-52BE-1A7D42B2812C
[21:38:46.882] [GPT]   MyLBA: 1, AlternateLBA: 4095
[21:38:46.882] [GPT]   可用区域: LBA 6 - 4090
[21:38:46.882] [GPT]   分区条目: LBA 2, 数量: 32, 条目大小: 128B
[21:38:46.882] [GPT]   扇区大小: 4096B, CRC: 有效
[21:38:46.882] [GPT]   A/B 槽位: a (Active 标志)
[21:38:46.882] [GPT] LUN1 解析结果: 2 个分区
[21:38:46.882] [GPT]   xbl_a                          LBA          6 -       2053     8.00 MB
[21:38:46.882] [GPT]   xbl_config_a                   LBA       2054 -       2181      512 KB
[21:38:46.944] [GPT] LUN2 标准模式读取 256 扇区 (1024KB)...
[21:38:46.974] [GPT] LUN2 收到 1048576 字节
[21:38:46.974] [GPT] LUN2 读取完成: 1048576 字节 (92ms)
[21:38:46.974] [GPT] LUN2 找到 GPT 签名 @ 偏移 4096
[21:38:46.974] [GPT] LUN2 开始解析 GPT (数据大小: 1048576 字节, 当前扇区大小: 4096B)
[21:38:46.974] [GPT] 在偏移 4096 处找到 GPT Header
[21:38:46.974] [GPT] 自动检测扇区大小: 4096 字节 (Header偏移=4096, MyLBA=1)
[21:38:46.974] [GPT] LUN2 解析: Header@4096, SectorSize=4096, EntrySize=128
[21:38:46.974] [GPT] Header: PartitionEntryLba=2, Entries=32
[21:38:46.974] [GPT] 分区条目偏移: 8192 (PartitionEntryLba(2) * 4096B)
[21:38:46.974] [GPT] #1: xbl_b @ LBA 6 (8.00 MB)
[21:38:46.974] [GPT] #2: xbl_config_b @ LBA 2054 (512 KB)
[21:38:46.974] [GPT] LUN2 解析完成: 2 个分区
[21:38:46.974] [Slot] 检测到 2 个 A/B 分区
[21:38:46.974] [Slot] 使用 1 个分区进行槽位判断
[21:38:46.974] [Slot] A激活=0, B激活=0
[21:38:46.974] [Slot] A优先级=0.00, B优先级=0.00
[21:38:46.974] [Slot] A成功=0, B成功=0
[21:38:46.974] [Slot] Slot A 分区:
[21:38:46.974] [Slot] Slot B 分区:
[21:38:46.974] [Slot]   xbl_b                Pri=0 Act=False Suc=False Unb=False
[21:38:46.974] [GPT] LUN2: 2 个分区, 槽位: undefined (未定义 (无激活标志))
[21:38:46.974] [GPT] LUN2 GPT Header 详情:
[21:38:46.974] [GPT]   类型: gptmain, 版本: 00010000, Header大小: 92B
[21:38:46.974] [GPT]   磁盘 GUID: 8AE7A516-153C-BB85-6A1F-A1A7DEA7A7BF
[21:38:46.974] [GPT]   MyLBA: 1, AlternateLBA: 4095
[21:38:46.974] [GPT]   可用区域: LBA 6 - 4090
[21:38:46.974] [GPT]   分区条目: LBA 2, 数量: 32, 条目大小: 128B
[21:38:46.974] [GPT]   扇区大小: 4096B, CRC: 有效
[21:38:46.974] [GPT]   A/B 槽位: undefined (未定义 (无激活标志))
[21:38:46.974] [GPT] LUN2 解析结果: 2 个分区
[21:38:46.974] [GPT]   xbl_b                          LBA          6 -       2053     8.00 MB
[21:38:46.974] [GPT]   xbl_config_b                   LBA       2054 -       2181      512 KB
[21:38:47.038] [GPT] LUN3 标准模式读取 256 扇区 (1024KB)...
[21:38:47.071] [GPT] LUN3 收到 1048576 字节
[21:38:47.071] [GPT] LUN3 读取完成: 1048576 字节 (96ms)
[21:38:47.071] [GPT] LUN3 找到 GPT 签名 @ 偏移 4096
[21:38:47.071] [GPT] LUN3 开始解析 GPT (数据大小: 1048576 字节, 当前扇区大小: 4096B)
[21:38:47.071] [GPT] 在偏移 4096 处找到 GPT Header
[21:38:47.071] [GPT] 自动检测扇区大小: 4096 字节 (Header偏移=4096, MyLBA=1)
[21:38:47.071] [GPT] LUN3 解析: Header@4096, SectorSize=4096, EntrySize=128
[21:38:47.071] [GPT] Header: PartitionEntryLba=2, Entries=32
[21:38:47.071] [GPT] 分区条目偏移: 8192 (PartitionEntryLba(2) * 4096B)
[21:38:47.071] [GPT] #1: ALIGN_TO_128K_1 @ LBA 6 (104 KB)
[21:38:47.071] [GPT] #2: cdt @ LBA 32 (128 KB)
[21:38:47.071] [GPT] #3: ddr @ LBA 64 (2.00 MB)
[21:38:47.071] [GPT] LUN3 解析完成: 3 个分区
[21:38:47.071] [Slot] 未检测到 A/B 分区
[21:38:47.071] [GPT] LUN3: 3 个分区, 槽位: nonexistent ()
[21:38:47.071] [GPT] LUN3 GPT Header 详情:
[21:38:47.071] [GPT]   类型: gptmain, 版本: 00010000, Header大小: 92B
[21:38:47.071] [GPT]   磁盘 GUID: 77FFE96F-133D-4683-4FA1-17172B75B8ED
[21:38:47.071] [GPT]   MyLBA: 1, AlternateLBA: 8191
[21:38:47.071] [GPT]   可用区域: LBA 6 - 8186
[21:38:47.071] [GPT]   分区条目: LBA 2, 数量: 32, 条目大小: 128B
[21:38:47.071] [GPT]   扇区大小: 4096B, CRC: 有效
[21:38:47.071] [GPT] LUN3 解析结果: 3 个分区
[21:38:47.071] [GPT]   ALIGN_TO_128K_1                LBA          6 -         31      104 KB
[21:38:47.071] [GPT]   cdt                            LBA         32 -         63      128 KB
[21:38:47.071] [GPT]   ddr                            LBA         64 -        575     2.00 MB
[21:38:47.130] [GPT] LUN4 标准模式读取 256 扇区 (1024KB)...
[21:38:47.160] [GPT] LUN4 收到 1048576 字节
[21:38:47.160] [GPT] LUN4 读取完成: 1048576 字节 (88ms)
[21:38:47.160] [GPT] LUN4 找到 GPT 签名 @ 偏移 4096
[21:38:47.160] [GPT] LUN4 开始解析 GPT (数据大小: 1048576 字节, 当前扇区大小: 4096B)
[21:38:47.160] [GPT] 在偏移 4096 处找到 GPT Header
[21:38:47.160] [GPT] 自动检测扇区大小: 4096 字节 (Header偏移=4096, MyLBA=1)
[21:38:47.160] [GPT] LUN4 解析: Header@4096, SectorSize=4096, EntrySize=128
[21:38:47.160] [GPT] Header: PartitionEntryLba=2, Entries=96
[21:38:47.160] [GPT] 分区条目偏移: 8192 (PartitionEntryLba(2) * 4096B)
[21:38:47.160] [GPT] #1: aop_a @ LBA 6 (512 KB)
[21:38:47.160] [GPT] #2: tz_a @ LBA 134 (4.00 MB)
[21:38:47.160] [GPT] #3: hyp_a @ LBA 1158 (8.00 MB)
[21:38:47.160] [GPT] #4: modem_a @ LBA 3206 (448.00 MB)
[21:38:47.160] [GPT] #5: bluetooth_a @ LBA 117894 (2.00 MB)
[21:38:47.160] [GPT] #20: cpucp_a @ LBA 213038 (1.00 MB)
[21:38:47.160] [GPT] #40: uefisecapp_b @ LBA 445838 (2.00 MB)
[21:38:47.160] [GPT] #60: catefv @ LBA 521394 (512 KB)
[21:38:47.160] [GPT] LUN4 解析完成: 67 个分区
[21:38:47.160] [Slot] 检测到 46 个 A/B 分区
[21:38:47.160] [Slot] 使用 8 个分区进行槽位判断
[21:38:47.160] [Slot] A激活=4, B激活=0
[21:38:47.160] [Slot] A优先级=0.75, B优先级=0.00
[21:38:47.162] [Slot] Slot A 分区:
[21:38:47.162] [Slot]   abl_a                Pri=0 Act=True Suc=False Unb=False
[21:38:47.162] [Slot]   boot_a               Pri=3 Act=True Suc=True Unb=False
[21:38:47.162] [Slot]   vbmeta_a             Pri=0 Act=True Suc=False Unb=False
[21:38:47.162] [Slot]   dtbo_a               Pri=0 Act=True Suc=False Unb=False
[21:38:47.162] [Slot] Slot B 分区:
[21:38:47.162] [Slot]   abl_b                Pri=0 Act=False Suc=False Unb=False
[21:38:47.162] [Slot]   boot_b               Pri=0 Act=False Suc=False Unb=False
[21:38:47.162] [Slot]   vbmeta_b             Pri=0 Act=False Suc=False Unb=False
[21:38:47.162] [Slot]   dtbo_b               Pri=0 Act=False Suc=False Unb=False
[21:38:47.163] [GPT] LUN4: 67 个分区, 槽位: a (Active 标志)
[21:38:47.163] [GPT] LUN4 GPT Header 详情:
[21:38:47.163] [GPT]   类型: gptmain, 版本: 00010000, Header大小: 92B
[21:38:47.163] [GPT]   磁盘 GUID: 51F67283-2B06-F894-7DC0-30F01F832BE0
[21:38:47.163] [GPT]   MyLBA: 1, AlternateLBA: 587775
[21:38:47.163] [GPT]   可用区域: LBA 6 - 587770
[21:38:47.163] [GPT]   分区条目: LBA 2, 数量: 96, 条目大小: 128B
[21:38:47.163] [GPT]   扇区大小: 4096B, CRC: 有效
[21:38:47.163] [GPT]   A/B 槽位: a (Active 标志)
[21:38:47.163] [GPT] LUN4 解析结果: 67 个分区
[21:38:47.164] [GPT]   aop_a                          LBA          6 -        133      512 KB
[21:38:47.164] [GPT]   tz_a                           LBA        134 -       1157     4.00 MB
[21:38:47.164] [GPT]   hyp_a                          LBA       1158 -       3205     8.00 MB
[21:38:47.164] [GPT]   modem_a                        LBA       3206 -     117893   448.00 MB
[21:38:47.164] [GPT]   bluetooth_a                    LBA     117894 -     118405     2.00 MB
[21:38:47.164] [GPT]   mdtpsecapp_a                   LBA     118406 -     119429     4.00 MB
[21:38:47.164] [GPT]   mdtp_a                         LBA     119430 -     127621    32.00 MB
[21:38:47.164] [GPT]   abl_a                          LBA     127622 -     128133     2.00 MB
[21:38:47.164] [GPT]   dsp_a                          LBA     128134 -     144517    64.00 MB
[21:38:47.164] [GPT]   keymaster_a                    LBA     144518 -     144773     1.00 MB
[21:38:47.164] [GPT]   boot_a                         LBA     144774 -     193925   192.00 MB
[21:38:47.164] [GPT]   devcfg_a                       LBA     193926 -     193989      256 KB
[21:38:47.164] [GPT]   qupfw_a                        LBA     193990 -     194021      128 KB
[21:38:47.164] [GPT]   vbmeta_a                       LBA     194022 -     194053      128 KB
[21:38:47.164] [GPT]   dtbo_a                         LBA     194054 -     200197    24.00 MB
[21:38:47.164] [GPT]   uefisecapp_a                   LBA     200198 -     200709     2.00 MB
[21:38:47.164] [GPT]   imagefv_a                      LBA     200710 -     212997    48.00 MB
[21:38:47.164] [GPT]   shrm_a                         LBA     212998 -     213029      128 KB
[21:38:47.164] [GPT]   multiimgoem_a                  LBA     213030 -     213037       32 KB
[21:38:47.164] [GPT]   cpucp_a                        LBA     213038 -     213293     1.00 MB
[21:38:47.164] [GPT]   featenabler_a                  LBA     213294 -     213325      128 KB
[21:38:47.164] [GPT]   vendor_boot_a                  LBA     213326 -     237901    96.00 MB
[21:38:47.164] [GPT]   qmcs                           LBA     237902 -     245581    30.00 MB
[21:38:47.164] [GPT]   qweslicstore_a                 LBA     245582 -     245645      256 KB
[21:38:47.164] [GPT]   aop_b                          LBA     245646 -     245773      512 KB
[21:38:47.164] [GPT]   tz_b                           LBA     245774 -     246797     4.00 MB
[21:38:47.164] [GPT]   hyp_b                          LBA     246798 -     248845     8.00 MB
[21:38:47.164] [GPT]   modem_b                        LBA     248846 -     363533   448.00 MB
[21:38:47.164] [GPT]   bluetooth_b                    LBA     363534 -     364045     2.00 MB
[21:38:47.164] [GPT]   mdtpsecapp_b                   LBA     364046 -     365069     4.00 MB
[21:38:47.164] [GPT]   mdtp_b                         LBA     365070 -     373261    32.00 MB
[21:38:47.164] [GPT]   abl_b                          LBA     373262 -     373773     2.00 MB
[21:38:47.164] [GPT]   dsp_b                          LBA     373774 -     390157    64.00 MB
[21:38:47.164] [GPT]   keymaster_b                    LBA     390158 -     390413     1.00 MB
[21:38:47.164] [GPT]   boot_b                         LBA     390414 -     439565   192.00 MB
[21:38:47.164] [GPT]   devcfg_b                       LBA     439566 -     439629      256 KB
[21:38:47.164] [GPT]   qupfw_b                        LBA     439630 -     439661      128 KB
[21:38:47.164] [GPT]   vbmeta_b                       LBA     439662 -     439693      128 KB
[21:38:47.164] [GPT]   dtbo_b                         LBA     439694 -     445837    24.00 MB
[21:38:47.164] [GPT]   uefisecapp_b                   LBA     445838 -     446349     2.00 MB
[21:38:47.164] [GPT]   imagefv_b                      LBA     446350 -     458637    48.00 MB
[21:38:47.164] [GPT]   shrm_b                         LBA     458638 -     458669      128 KB
[21:38:47.164] [GPT]   multiimgoem_b                  LBA     458670 -     458677       32 KB
[21:38:47.164] [GPT]   cpucp_b                        LBA     458678 -     458933     1.00 MB
[21:38:47.164] [GPT]   featenabler_b                  LBA     458934 -     458965      128 KB
[21:38:47.164] [GPT]   vendor_boot_b                  LBA     458966 -     483541    96.00 MB
[21:38:47.164] [GPT]   qweslicstore_b                 LBA     483542 -     483605      256 KB
[21:38:47.164] [GPT]   dip                            LBA     483606 -     483861     1.00 MB
[21:38:47.164] [GPT]   apdp                           LBA     483862 -     483925      256 KB
[21:38:47.164] [GPT]   splash                         LBA     483926 -     492281    32.64 MB
[21:38:47.164] [GPT]   limits                         LBA     492282 -     492289       32 KB
[21:38:47.164] [GPT]   limits-cdsp                    LBA     492290 -     492297       32 KB
[21:38:47.164] [GPT]   toolsfv                        LBA     492298 -     492553     1.00 MB
[21:38:47.164] [GPT]   logfs                          LBA     492554 -     494601     8.00 MB
[21:38:47.164] [GPT]   quantumsdk                     LBA     494602 -     504841    40.00 MB
[21:38:47.164] [GPT]   logdump                        LBA     504842 -     521225    64.00 MB
[21:38:47.164] [GPT]   storsec                        LBA     521226 -     521257      128 KB
[21:38:47.164] [GPT]   uefivarstore                   LBA     521258 -     521385      512 KB
[21:38:47.164] [GPT]   secdata                        LBA     521386 -     521393       32 KB
[21:38:47.164] [GPT]   catefv                         LBA     521394 -     521521      512 KB
[21:38:47.164] [GPT]   catecontentfv                  LBA     521522 -     521777     1.00 MB
[21:38:47.164] [GPT]   vm-data                        LBA     521778 -     530133    32.64 MB
[21:38:47.164] [GPT]   mdcompress                     LBA     530134 -     535253    20.00 MB
[21:38:47.164] [GPT]   connsec                        LBA     535254 -     535285      128 KB
[21:38:47.164] [GPT]   tzsc                           LBA     535286 -     535317      128 KB
[21:38:47.164] [GPT]   rtice                          LBA     535318 -     535445      512 KB
[21:38:47.164] [GPT]   gsort                          LBA     535446 -     539541    16.00 MB
[21:38:47.223] [GPT] LUN5 标准模式读取 256 扇区 (1024KB)...
[21:38:47.255] [GPT] LUN5 收到 1048576 字节
[21:38:47.255] [GPT] LUN5 读取完成: 1048576 字节 (91ms)
[21:38:47.255] [GPT] LUN5 找到 GPT 签名 @ 偏移 4096
[21:38:47.255] [GPT] LUN5 开始解析 GPT (数据大小: 1048576 字节, 当前扇区大小: 4096B)
[21:38:47.255] [GPT] 在偏移 4096 处找到 GPT Header
[21:38:47.255] [GPT] 自动检测扇区大小: 4096 字节 (Header偏移=4096, MyLBA=1)
[21:38:47.255] [GPT] LUN5 解析: Header@4096, SectorSize=4096, EntrySize=128
[21:38:47.255] [GPT] Header: PartitionEntryLba=2, Entries=32
[21:38:47.255] [GPT] 分区条目偏移: 8192 (PartitionEntryLba(2) * 4096B)
[21:38:47.255] [GPT] #1: ALIGN_TO_128K_2 @ LBA 6 (104 KB)
[21:38:47.255] [GPT] #2: modemst1 @ LBA 32 (8.00 MB)
[21:38:47.255] [GPT] #3: modemst2 @ LBA 2080 (8.00 MB)
[21:38:47.255] [GPT] #4: fsg @ LBA 4128 (8.00 MB)
[21:38:47.255] [GPT] #5: fsc @ LBA 6176 (1.00 MB)
[21:38:47.255] [GPT] LUN5 解析完成: 5 个分区
[21:38:47.255] [Slot] 未检测到 A/B 分区
[21:38:47.255] [GPT] LUN5: 5 个分区, 槽位: nonexistent ()
[21:38:47.255] [GPT] LUN5 GPT Header 详情:
[21:38:47.255] [GPT]   类型: gptmain, 版本: 00010000, Header大小: 92B
[21:38:47.255] [GPT]   磁盘 GUID: 81318277-F716-5BF5-9850-0FCF23F5DEAA
[21:38:47.255] [GPT]   MyLBA: 1, AlternateLBA: 8191
[21:38:47.255] [GPT]   可用区域: LBA 6 - 8186
[21:38:47.255] [GPT]   分区条目: LBA 2, 数量: 32, 条目大小: 128B
[21:38:47.255] [GPT]   扇区大小: 4096B, CRC: 有效
[21:38:47.255] [GPT] LUN5 解析结果: 5 个分区
[21:38:47.271] [GPT]   ALIGN_TO_128K_2                LBA          6 -         31      104 KB
[21:38:47.271] [GPT]   modemst1                       LBA         32 -       2079     8.00 MB
[21:38:47.271] [GPT]   modemst2                       LBA       2080 -       4127     8.00 MB
[21:38:47.271] [GPT]   fsg                            LBA       4128 -       6175     8.00 MB
[21:38:47.271] [GPT]   fsc                            LBA       6176 -       6431     1.00 MB
[21:38:47.336] [高通] ────────────────────────────────────────────────────────────────
[21:38:47.336] [高通] LUN  分区名                                  起始扇区         结束扇区         大小
[21:38:47.337] [高通] ────────────────────────────────────────────────────────────────
[21:38:47.337] [高通] 0    switch                                  6            7       8 KB
[21:38:47.337] [高通] 0    ssd                                     8           15      32 KB
[21:38:47.337] [高通] 0    dbg                                    16           23      32 KB
[21:38:47.337] [高通] 0    bk01                                   24           31      32 KB
[21:38:47.337] [高通] 0    bk02                                   32           63     128 KB
[21:38:47.337] [高通] 0    bk03                                   64          127     256 KB
[21:38:47.337] [高通] 0    bk04                                  128          255     512 KB
[21:38:47.337] [高通] 0    persist                               256        16639   64.00 MB
[21:38:47.337] [高通] 0    persistbak                          16640        33023   64.00 MB
[21:38:47.337] [高通] 0    countrycode                         33024        33535    2.00 MB
[21:38:47.337] [高通] 0    misc                                33536        34559    4.00 MB
[21:38:47.337] [高通] 0    bk06                                34560        36607    8.00 MB
[21:38:47.337] [高通] 0    keystore                            36608        36735     512 KB
[21:38:47.337] [高通] 0    frp                                 36736        36863     512 KB
[21:38:47.337] [高通] 0    bk07                                36864        38911    8.00 MB
[21:38:47.337] [高通] 0    ffu                                 38912        40959    8.00 MB
[21:38:47.337] [高通] 0    oops                                40960        45055   16.00 MB
[21:38:47.337] [高通] 0    devinfo                             45056        49151   16.00 MB
[21:38:47.337] [高通] 0    cust                                49152       573439    2.00 GB
[21:38:47.337] [高通] 0    super                              573440      2801663    8.50 GB
[21:38:47.337] [高通] 0    vbmeta_system_a                   2801664      2801695     128 KB
[21:38:47.337] [高通] 0    vbmeta_system_b                   2801696      2801727     128 KB
[21:38:47.337] [高通] 0    bk010                             2801728      2809855   31.75 MB
[21:38:47.337] [高通] 0    metadata                          2809856      2813951   16.00 MB
[21:38:47.337] [高通] 0    bk08                              2813952      2818047   16.00 MB
[21:38:47.337] [高通] 0    splash                            2818048      2826239   32.00 MB
[21:38:47.337] [高通] 0    bk09                              2826240      2834431   32.00 MB
[21:38:47.337] [高通] 0    mtdblk                            2834432      2842623   32.00 MB
[21:38:47.337] [高通] 0    logdump                           2842624      2859007   64.00 MB
[21:38:47.337] [高通] 0    minidump                          2859008      2883583   96.00 MB
[21:38:47.337] [高通] 0    rawdump                           2883584      2934783  200.00 MB
[21:38:47.337] [高通] 0    rescue                            2934784      2967551  128.00 MB
[21:38:47.337] [高通] 0    userdata                          2967552     30617594  105.48 GB
[21:38:47.337] [高通] 1    xbl_a                                   6         2053    8.00 MB
[21:38:47.337] [高通] 1    xbl_config_a                         2054         2181     512 KB
[21:38:47.337] [高通] 2    xbl_b                                   6         2053    8.00 MB
[21:38:47.337] [高通] 2    xbl_config_b                         2054         2181     512 KB
[21:38:47.337] [高通] 3    ALIGN_TO_128K_1                         6           31     104 KB
[21:38:47.337] [高通] 3    cdt                                    32           63     128 KB
[21:38:47.337] [高通] 3    ddr                                    64          575    2.00 MB
[21:38:47.337] [高通] 4    aop_a                                   6          133     512 KB
[21:38:47.337] [高通] 4    tz_a                                  134         1157    4.00 MB
[21:38:47.337] [高通] 4    hyp_a                                1158         3205    8.00 MB
[21:38:47.337] [高通] 4    modem_a                              3206       117893  448.00 MB
[21:38:47.337] [高通] 4    bluetooth_a                        117894       118405    2.00 MB
[21:38:47.337] [高通] 4    mdtpsecapp_a                       118406       119429    4.00 MB
[21:38:47.337] [高通] 4    mdtp_a                             119430       127621   32.00 MB
[21:38:47.337] [高通] 4    abl_a                              127622       128133    2.00 MB
[21:38:47.337] [高通] 4    dsp_a                              128134       144517   64.00 MB
[21:38:47.337] [高通] 4    keymaster_a                        144518       144773    1.00 MB
[21:38:47.337] [高通] 4    boot_a                             144774       193925  192.00 MB
[21:38:47.337] [高通] 4    devcfg_a                           193926       193989     256 KB
[21:38:47.337] [高通] 4    qupfw_a                            193990       194021     128 KB
[21:38:47.337] [高通] 4    vbmeta_a                           194022       194053     128 KB
[21:38:47.337] [高通] 4    dtbo_a                             194054       200197   24.00 MB
[21:38:47.337] [高通] 4    uefisecapp_a                       200198       200709    2.00 MB
[21:38:47.337] [高通] 4    imagefv_a                          200710       212997   48.00 MB
[21:38:47.337] [高通] 4    shrm_a                             212998       213029     128 KB
[21:38:47.337] [高通] 4    multiimgoem_a                      213030       213037      32 KB
[21:38:47.337] [高通] 4    cpucp_a                            213038       213293    1.00 MB
[21:38:47.337] [高通] 4    featenabler_a                      213294       213325     128 KB
[21:38:47.337] [高通] 4    vendor_boot_a                      213326       237901   96.00 MB
[21:38:47.337] [高通] 4    qmcs                               237902       245581   30.00 MB
[21:38:47.337] [高通] 4    qweslicstore_a                     245582       245645     256 KB
[21:38:47.337] [高通] 4    aop_b                              245646       245773     512 KB
[21:38:47.337] [高通] 4    tz_b                               245774       246797    4.00 MB
[21:38:47.337] [高通] 4    hyp_b                              246798       248845    8.00 MB
[21:38:47.337] [高通] 4    modem_b                            248846       363533  448.00 MB
[21:38:47.337] [高通] 4    bluetooth_b                        363534       364045    2.00 MB
[21:38:47.337] [高通] 4    mdtpsecapp_b                       364046       365069    4.00 MB
[21:38:47.337] [高通] 4    mdtp_b                             365070       373261   32.00 MB
[21:38:47.337] [高通] 4    abl_b                              373262       373773    2.00 MB
[21:38:47.337] [高通] 4    dsp_b                              373774       390157   64.00 MB
[21:38:47.337] [高通] 4    keymaster_b                        390158       390413    1.00 MB
[21:38:47.337] [高通] 4    boot_b                             390414       439565  192.00 MB
[21:38:47.337] [高通] 4    devcfg_b                           439566       439629     256 KB
[21:38:47.337] [高通] 4    qupfw_b                            439630       439661     128 KB
[21:38:47.337] [高通] 4    vbmeta_b                           439662       439693     128 KB
[21:38:47.337] [高通] 4    dtbo_b                             439694       445837   24.00 MB
[21:38:47.337] [高通] 4    uefisecapp_b                       445838       446349    2.00 MB
[21:38:47.337] [高通] 4    imagefv_b                          446350       458637   48.00 MB
[21:38:47.337] [高通] 4    shrm_b                             458638       458669     128 KB
[21:38:47.337] [高通] 4    multiimgoem_b                      458670       458677      32 KB
[21:38:47.337] [高通] 4    cpucp_b                            458678       458933    1.00 MB
[21:38:47.337] [高通] 4    featenabler_b                      458934       458965     128 KB
[21:38:47.337] [高通] 4    vendor_boot_b                      458966       483541   96.00 MB
[21:38:47.337] [高通] 4    qweslicstore_b                     483542       483605     256 KB
[21:38:47.337] [高通] 4    dip                                483606       483861    1.00 MB
[21:38:47.337] [高通] 4    apdp                               483862       483925     256 KB
[21:38:47.337] [高通] 4    splash                             483926       492281   32.64 MB
[21:38:47.337] [高通] 4    limits                             492282       492289      32 KB
[21:38:47.337] [高通] 4    limits-cdsp                        492290       492297      32 KB
[21:38:47.337] [高通] 4    toolsfv                            492298       492553    1.00 MB
[21:38:47.337] [高通] 4    logfs                              492554       494601    8.00 MB
[21:38:47.337] [高通] 4    quantumsdk                         494602       504841   40.00 MB
[21:38:47.337] [高通] 4    logdump                            504842       521225   64.00 MB
[21:38:47.337] [高通] 4    storsec                            521226       521257     128 KB
[21:38:47.337] [高通] 4    uefivarstore                       521258       521385     512 KB
[21:38:47.337] [高通] 4    secdata                            521386       521393      32 KB
[21:38:47.337] [高通] 4    catefv                             521394       521521     512 KB
[21:38:47.337] [高通] 4    catecontentfv                      521522       521777    1.00 MB
[21:38:47.337] [高通] 4    vm-data                            521778       530133   32.64 MB
[21:38:47.337] [高通] 4    mdcompress                         530134       535253   20.00 MB
[21:38:47.337] [高通] 4    connsec                            535254       535285     128 KB
[21:38:47.337] [高通] 4    tzsc                               535286       535317     128 KB
[21:38:47.337] [高通] 4    rtice                              535318       535445     512 KB
[21:38:47.337] [高通] 4    gsort                              535446       539541   16.00 MB
[21:38:47.337] [高通] 5    ALIGN_TO_128K_2                         6           31     104 KB
[21:38:47.337] [高通] 5    modemst1                               32         2079    8.00 MB
[21:38:47.337] [高通] 5    modemst2                             2080         4127    8.00 MB
[21:38:47.337] [高通] 5    fsg                                  4128         6175    8.00 MB
[21:38:47.337] [高通] 5    fsc                                  6176         6431    1.00 MB
[21:38:47.337] [高通] ────────────────────────────────────────────────────────────────
[21:38:47.337] [高通] LUN0: 33 个分区, 总扇区数: 30617589
[21:38:47.337] [高通] LUN1: 2 个分区, 总扇区数: 2176
[21:38:47.337] [高通] LUN2: 2 个分区, 总扇区数: 2176
[21:38:47.337] [高通] LUN3: 3 个分区, 总扇区数: 570
[21:38:47.337] [高通] LUN4: 67 个分区, 总扇区数: 539536
[21:38:47.337] [高通] LUN5: 5 个分区, 总扇区数: 6426
[21:38:57.044] [Read] LUN0 扇区573441+1 (4 KB) 标准模式
[21:38:57.046] [LP] Header 偏移=12288, headerSize=256, tablesSize=839040600, 需读取=839040856 字节
[21:38:57.076] 逻辑分区 [odm_a]: 物理扇区=573696, 大小=16MB
[21:38:57.076] 逻辑分区 [product_a]: 物理扇区=578048, 大小=4174MB
[21:38:57.076] 逻辑分区 [system_a]: 物理扇区=1646848, 大小=682MB
[21:38:57.076] 逻辑分区 [system_ext_a]: 物理扇区=1821696, 大小=557MB
[21:38:57.076] 逻辑分区 [vendor_a]: 物理扇区=1964544, 大小=1465MB
[21:38:57.076] 逻辑分区 [mi_ext_a]: 物理扇区=2339840, 大小=0MB
[21:38:57.076] [DevInfo] 解析逻辑卷 system_a (扇区: 1646848)
[21:38:57.077] EROFS: BlockSize=4096, RootNid=59, MetaBlkAddr=0
[21:38:57.078]   EROFS 根目录: layout=2, size=747
[21:38:57.079]   EROFS 根目录包含 39 个条目
[21:38:57.079]     - . (type=2)
[21:38:57.079]     - .. (type=2)
[21:38:57.079]     - acct (type=2)
[21:38:57.079]     - apex (type=2)
[21:38:57.079]     - bin (type=7)
[21:38:57.079]     - bugreports (type=7)
[21:38:57.079]     - cache (type=7)
[21:38:57.079]     - config (type=2)
[21:38:57.080] 找到 /system/build.prop
[21:38:57.082] [DevInfo] 解析逻辑卷 system_ext_a (扇区: 1821696)
[21:38:57.083] EROFS: BlockSize=4096, RootNid=40, MetaBlkAddr=0
[21:38:57.084]   EROFS 根目录: layout=2, size=231
[21:38:57.085]   EROFS 根目录包含 14 个条目
[21:38:57.085]     - . (type=2)
[21:38:57.085]     - .. (type=2)
[21:38:57.085]     - apex (type=2)
[21:38:57.085]     - app (type=2)
[21:38:57.085]     - bin (type=2)
[21:38:57.085]     - cust (type=2)
[21:38:57.085]     - etc (type=2)
[21:38:57.085]     - framework (type=2)
[21:38:57.086] 找到 /etc/build.prop
[21:38:57.087] [DevInfo] 解析逻辑卷 product_a (扇区: 578048)
[21:38:57.089] EROFS: BlockSize=4096, RootNid=39, MetaBlkAddr=0
[21:38:57.089]   EROFS 根目录: layout=2, size=289
[21:38:57.090]   EROFS 根目录包含 17 个条目
[21:38:57.090]     - . (type=2)
[21:38:57.090]     - .. (type=2)
[21:38:57.090]     - app (type=2)
[21:38:57.090]     - bin (type=2)
[21:38:57.090]     - data-app (type=2)
[21:38:57.090]     - etc (type=2)
[21:38:57.090]     - fonts (type=2)
[21:38:57.090]     - framework (type=2)
[21:38:57.091] 找到 /etc/build.prop
[21:38:57.093] [DevInfo] 解析逻辑卷 vendor_a (扇区: 1964544)
[21:38:57.094] EROFS: BlockSize=4096, RootNid=53, MetaBlkAddr=0
[21:38:57.095]   EROFS 根目录: layout=2, size=378
[21:38:57.096]   EROFS 根目录包含 21 个条目
[21:38:57.096]     - . (type=2)
[21:38:57.096]     - .. (type=2)
[21:38:57.096]     - app (type=2)
[21:38:57.096]     - bin (type=2)
[21:38:57.096]     - bt_firmware (type=2)
[21:38:57.096]     - build.prop (type=1)
[21:38:57.096]     - camera (type=2)
[21:38:57.096]     - default.prop (type=1)
[21:38:57.096] 找到 /build.prop
[21:38:57.097] [DevInfo] 解析逻辑卷 odm_a (扇区: 573696)
[21:39:03.101] 读取 super 分区超时 @offset=1048576, size=4096 (连续1次)
[21:39:04.107] [Read] LUN0 扇区49152+1 (4 KB) 标准模式
[21:39:04.108]   魔数: @0=00000000 @1024=00000200 @1080=53EF
[21:39:04.108]   -> cust: 检测到 EXT4 文件系统 (偏移=0x0)，正在解析...
[21:39:04.109] EXT4: BlockSize=4096, InodeSize=256, Extents=True, 64bit=False
[21:39:04.109] Inode Table Block: 4
[21:39:04.110] EXT4 Extent: depth=0, entries=1
[21:39:04.111] 根目录包含 6 个条目
[21:39:04.111] 进入 /etc 目录...
[21:39:04.111] EXT4 Extent: depth=0, entries=1
[21:39:04.112] 未找到 build.prop
[21:39:04.113]   魔数: @0=00000000 @1024=00400000 @1080=53EF
[21:39:04.113]   -> persist: 检测到 EXT4 文件系统 (偏移=0x0)，正在解析...
[21:39:04.114] EXT4: BlockSize=4096, InodeSize=128, Extents=True, 64bit=False
[21:39:04.114] Inode Table Block: 4
[21:39:04.116] EXT4 Extent: depth=0, entries=1
[21:39:14.327] [Read] LUN0 扇区772+1 (4 KB) 标准模式
[21:39:14.327] 根目录包含 23 个条目
[21:39:14.327] 未找到 build.prop
[21:39:14.329] [DevInfo] 发现 ANDROID-BOOT! 魔数 @ 偏移 0x0
[21:39:14.329] [DevInfo] BL解锁: False
[21:39:14.329] [DevInfo] 篡改标志: False
[21:39:14.329] [DevInfo] 关键解锁: False
[21:39:56.196] [高通] 写入: switch -> LUN0 @ sector 6
[21:39:56.200] [高通] 写入: misc -> LUN0 @ sector 33536
[21:39:56.202] [高通] 写入: cust -> LUN0 @ sector 49152
[21:39:56.202] [Sparse] 正在解析 cust.img...
[21:39:56.203] [Sparse] 展开: 2.00 GB, 实际数据: 761.91 MB, 节省: 62.8%
[21:40:25.123] [Sparse] cust 写入完成: 761.91 MB (跳过 1.26 GB 空白)
[21:40:25.124] [高通] 写入: super -> LUN0 @ sector 573440
[21:40:25.124] [Sparse] 正在解析 super.img...
[21:40:25.125] [Sparse] 展开: 8.50 GB, 实际数据: 6.74 GB, 节省: 20.8%
[21:45:42.901] [Sparse] super 写入完成: 6.74 GB (跳过 1.76 GB 空白)
[21:45:42.903] [高通] 写入: vbmeta_system_a -> LUN0 @ sector 2801664
[21:45:42.918] [高通] 写入: metadata -> LUN0 @ sector 2809856
[21:45:42.919] [Sparse] 正在解析 metadata.img...
[21:45:42.921] [Sparse] 展开: 16.00 MB, 实际数据: 44 KB, 节省: 99.7%
[21:45:42.924] [Sparse] metadata 写入完成: 44 KB (跳过 15.96 MB 空白)
[21:45:42.927] [高通] 写入: userdata -> LUN0 @ sector 2967552
[21:45:42.928] [Sparse] 正在解析 userdata.img...
[21:45:42.936] [Sparse] 展开: 12.00 GB, 实际数据: 30.09 MB, 节省: 99.8%
[21:45:44.098] [Sparse] userdata 写入完成: 30.09 MB (跳过 11.97 GB 空白)
[21:45:44.099] [高通] 写入: PrimaryGPT -> LUN0 @ sector 0
[21:45:44.108] [高通] 写入: BackupGPT -> LUN0 @ NUM_DISK_SECTORS-5
[21:45:44.113] [高通] 写入: xbl_a -> LUN1 @ sector 6
[21:45:44.467] [高通] 写入: xbl_config_a -> LUN1 @ sector 2054
[21:45:44.491] [高通] 写入: PrimaryGPT -> LUN1 @ sector 0
[21:45:44.504] [高通] 写入: BackupGPT -> LUN1 @ NUM_DISK_SECTORS-5
[21:45:44.518] [高通] 写入: PrimaryGPT -> LUN2 @ sector 0
[21:45:44.524] [高通] 写入: BackupGPT -> LUN2 @ NUM_DISK_SECTORS-5
[21:45:44.530] [高通] 写入: PrimaryGPT -> LUN3 @ sector 0
[21:45:44.534] [高通] 写入: BackupGPT -> LUN3 @ NUM_DISK_SECTORS-5
[21:45:44.538] [高通] 写入: aop_a -> LUN4 @ sector 6
[21:45:44.552] [高通] 写入: tz_a -> LUN4 @ sector 134
[21:45:44.711] [高通] 写入: hyp_a -> LUN4 @ sector 1158
[21:45:44.860] [高通] 写入: modem_a -> LUN4 @ sector 3206
[21:45:52.410] [高通] 写入: bluetooth_a -> LUN4 @ sector 117894
[21:45:52.432] [高通] 写入: abl_a -> LUN4 @ sector 127622
[21:45:52.449] [高通] 写入: dsp_a -> LUN4 @ sector 128134
[21:45:54.937] [高通] 写入: keymaster_a -> LUN4 @ sector 144518
[21:45:54.952] [高通] 写入: boot_a -> LUN4 @ sector 144774
[21:46:02.264] [高通] 写入: devcfg_a -> LUN4 @ sector 193926
[21:46:02.270] [高通] 写入: qupfw_a -> LUN4 @ sector 193990
[21:46:02.277] [高通] 写入: vbmeta_a -> LUN4 @ sector 194022
[21:46:02.282] [高通] 写入: dtbo_a -> LUN4 @ sector 194054
[21:46:02.914] [高通] 写入: uefisecapp_a -> LUN4 @ sector 200198
[21:46:02.921] [高通] 写入: imagefv_a -> LUN4 @ sector 200710
[21:46:03.006] [高通] 写入: shrm_a -> LUN4 @ sector 212998
[21:46:03.012] [高通] 写入: multiimgoem_a -> LUN4 @ sector 213030
[21:46:03.016] [高通] 写入: cpucp_a -> LUN4 @ sector 213038
[21:46:03.026] [高通] 写入: featenabler_a -> LUN4 @ sector 213294
[21:46:03.033] [高通] 写入: vendor_boot_a -> LUN4 @ sector 213326
[21:46:06.745] [高通] 写入: logfs -> LUN4 @ sector 492554
[21:46:06.750] [高通] 写入: rtice -> LUN4 @ sector 535318
[21:46:06.764] [高通] 写入: PrimaryGPT -> LUN4 @ sector 0
[21:46:06.768] [高通] 写入: BackupGPT -> LUN4 @ NUM_DISK_SECTORS-5
[21:46:06.772] [高通] 写入: PrimaryGPT -> LUN5 @ sector 0
[21:46:06.776] [高通] 写入: BackupGPT -> LUN5 @ NUM_DISK_SECTORS-5
[21:46:06.782] [Firehose] 应用 Patch: patch0.xml
[21:46:06.783] [Patch] LUN0 Sector3 Offset40 Size8
[21:46:06.783] [Device] INFO: Calling handler for patch
[21:46:06.783] [Device] INFO: Calling handler for patch
[21:46:06.783] [Patch] LUN0 Sector3 Offset40 Size8
[21:46:06.783] [Device] INFO: Calling handler for patch
[21:46:06.784] [Device] INFO: Calling handler for patch
[21:46:06.784] [Patch] LUN0 Sector1 Offset40 Size8
[21:46:06.784] [Device] INFO: Calling handler for patch
[21:46:06.784] [Device] INFO: Calling handler for patch
[21:46:06.784] [Patch] LUN0 Sector NUM_DISK_SECTORS-4. Offset40 Size8
[21:46:06.785] [Device] INFO: Calling handler for patch
[21:46:06.785] [Device] INFO: Calling handler for patch
[21:46:06.785] [Patch] LUN0 Sector1 Offset48 Size8
[21:46:06.785] [Device] INFO: Calling handler for patch
[21:46:06.786] [Device] INFO: Calling handler for patch
[21:46:06.786] [Patch] LUN0 Sector1 Offset48 Size8
[21:46:06.786] [Device] INFO: Calling handler for patch
[21:46:06.786] [Device] INFO: Calling handler for patch
[21:46:06.786] [Patch] LUN0 Sector4 Offset48 Size8
[21:46:06.786] [Device] INFO: Calling handler for patch
[21:46:06.787] [Device] INFO: Calling handler for patch
[21:46:06.787] [Patch] LUN0 Sector NUM_DISK_SECTORS-1. Offset48 Size8
[21:46:06.787] [Device] INFO: Calling handler for patch
[21:46:06.787] [Device] INFO: Calling handler for patch
[21:46:06.787] [Patch] LUN0 Sector1 Offset32 Size8
[21:46:06.788] [Device] INFO: Calling handler for patch
[21:46:06.788] [Device] INFO: Calling handler for patch
[21:46:06.788] [Patch] LUN0 Sector1 Offset32 Size8
[21:46:06.788] [Device] INFO: Calling handler for patch
[21:46:06.788] [Device] INFO: Calling handler for patch
[21:46:06.789] [Patch] LUN0 Sector4 Offset24 Size8
[21:46:06.789] [Device] INFO: Calling handler for patch
[21:46:06.789] [Device] INFO: Calling handler for patch
[21:46:06.789] [Patch] LUN0 Sector NUM_DISK_SECTORS-1. Offset24 Size8
[21:46:06.789] [Device] INFO: Calling handler for patch
[21:46:06.790] [Device] INFO: Calling handler for patch
[21:46:06.790] [Patch] LUN0 Sector4 Offset72 Size8
[21:46:06.790] [Device] INFO: Calling handler for patch
[21:46:06.790] [Device] INFO: Calling handler for patch
[21:46:06.790] [Patch] LUN0 Sector NUM_DISK_SECTORS-1. Offset72 Size8
[21:46:06.790] [Device] INFO: Calling handler for patch
[21:46:06.791] [Device] INFO: Calling handler for patch
[21:46:06.791] [Patch] LUN0 Sector1 Offset88 Size4
[21:46:06.791] [Device] INFO: Calling handler for patch
[21:46:06.791] [Device] INFO: Calling handler for patch
[21:46:06.792] [Patch] LUN0 Sector1 Offset88 Size4
[21:46:06.792] [Device] INFO: Calling handler for patch
[21:46:06.792] [Device] INFO: Calling handler for patch
[21:46:06.792] [Patch] LUN0 Sector4 Offset88 Size4
[21:46:06.792] [Device] INFO: Calling handler for patch
[21:46:06.793] [Device] INFO: Calling handler for patch
[21:46:06.793] [Patch] LUN0 Sector NUM_DISK_SECTORS-1. Offset88 Size4
[21:46:06.793] [Device] INFO: Calling handler for patch
[21:46:06.794] [Device] INFO: Calling handler for patch
[21:46:06.794] [Patch] LUN0 Sector1 Offset16 Size4
[21:46:06.794] [Device] INFO: Calling handler for patch
[21:46:06.794] [Device] INFO: Calling handler for patch
[21:46:06.794] [Patch] LUN0 Sector1 Offset16 Size4
[21:46:06.794] [Device] INFO: Calling handler for patch
[21:46:06.795] [Device] INFO: Calling handler for patch
[21:46:06.795] [Patch] LUN0 Sector1 Offset16 Size4
[21:46:06.795] [Device] INFO: Calling handler for patch
[21:46:06.795] [Device] INFO: Calling handler for patch
[21:46:06.795] [Patch] LUN0 Sector1 Offset16 Size4
[21:46:06.796] [Device] INFO: Calling handler for patch
[21:46:06.796] [Device] INFO: Calling handler for patch
[21:46:06.796] [Patch] LUN0 Sector4 Offset16 Size4
[21:46:06.796] [Device] INFO: Calling handler for patch
[21:46:06.797] [Device] INFO: Calling handler for patch
[21:46:06.797] [Patch] LUN0 Sector4 Offset16 Size4
[21:46:06.797] [Device] INFO: Calling handler for patch
[21:46:06.797] [Device] INFO: Calling handler for patch
[21:46:06.797] [Patch] LUN0 Sector NUM_DISK_SECTORS-1. Offset16 Size4
[21:46:06.798] [Device] INFO: Calling handler for patch
[21:46:06.798] [Device] INFO: Calling handler for patch
[21:46:06.798] [Patch] LUN0 Sector NUM_DISK_SECTORS-1. Offset16 Size4
[21:46:06.798] [Device] INFO: Calling handler for patch
[21:46:06.799] [Device] INFO: Calling handler for patch
[21:46:06.799] [Patch] patch0.xml 成功应用 26 个补丁
[21:46:06.799] [Firehose] 应用 Patch: patch1.xml
[21:46:06.799] [Patch] LUN1 Sector2 Offset296 Size8
[21:46:06.800] [Device] INFO: Calling handler for patch
[21:46:06.822] [Device] INFO: Calling handler for patch
[21:46:06.822] [Patch] LUN1 Sector2 Offset296 Size8
[21:46:06.822] [Device] INFO: Calling handler for patch
[21:46:06.823] [Device] INFO: Calling handler for patch
[21:46:06.823] [Patch] LUN1 Sector0 Offset296 Size8
[21:46:06.823] [Device] INFO: Calling handler for patch
[21:46:06.825] [Device] INFO: Calling handler for patch
[21:46:06.825] [Patch] LUN1 Sector NUM_DISK_SECTORS-5. Offset296 Size8
[21:46:06.825] [Device] INFO: Calling handler for patch
[21:46:06.826] [Device] INFO: Calling handler for patch
[21:46:06.826] [Patch] LUN1 Sector1 Offset48 Size8
[21:46:06.826] [Device] INFO: Calling handler for patch
[21:46:06.827] [Device] INFO: Calling handler for patch
[21:46:06.828] [Patch] LUN1 Sector1 Offset48 Size8
[21:46:06.828] [Device] INFO: Calling handler for patch
[21:46:06.829] [Device] INFO: Calling handler for patch
[21:46:06.829] [Patch] LUN1 Sector4 Offset48 Size8
[21:46:06.829] [Device] INFO: Calling handler for patch
[21:46:06.830] [Device] INFO: Calling handler for patch
[21:46:06.830] [Patch] LUN1 Sector NUM_DISK_SECTORS-1. Offset48 Size8
[21:46:06.831] [Device] INFO: Calling handler for patch
[21:46:06.832] [Device] INFO: Calling handler for patch
[21:46:06.832] [Patch] LUN1 Sector1 Offset32 Size8
[21:46:06.832] [Device] INFO: Calling handler for patch
[21:46:06.833] [Device] INFO: Calling handler for patch
[21:46:06.833] [Patch] LUN1 Sector1 Offset32 Size8
[21:46:06.834] [Device] INFO: Calling handler for patch
[21:46:06.835] [Device] INFO: Calling handler for patch
[21:46:06.835] [Patch] LUN1 Sector4 Offset24 Size8
[21:46:06.835] [Device] INFO: Calling handler for patch
[21:46:06.836] [Device] INFO: Calling handler for patch
[21:46:06.836] [Patch] LUN1 Sector NUM_DISK_SECTORS-1. Offset24 Size8
[21:46:06.836] [Device] INFO: Calling handler for patch
[21:46:06.838] [Device] INFO: Calling handler for patch
[21:46:06.838] [Patch] LUN1 Sector4 Offset72 Size8
[21:46:06.838] [Device] INFO: Calling handler for patch
[21:46:06.839] [Device] INFO: Calling handler for patch
[21:46:06.839] [Patch] LUN1 Sector NUM_DISK_SECTORS-1. Offset72 Size8
[21:46:06.839] [Device] INFO: Calling handler for patch
[21:46:06.841] [Device] INFO: Calling handler for patch
[21:46:06.841] [Patch] LUN1 Sector1 Offset88 Size4
[21:46:06.841] [Device] INFO: Calling handler for patch
[21:46:06.842] [Device] INFO: Calling handler for patch
[21:46:06.842] [Patch] LUN1 Sector1 Offset88 Size4
[21:46:06.842] [Device] INFO: Calling handler for patch
[21:46:06.844] [Device] INFO: Calling handler for patch
[21:46:06.844] [Patch] LUN1 Sector4 Offset88 Size4
[21:46:06.844] [Device] INFO: Calling handler for patch
[21:46:06.845] [Device] INFO: Calling handler for patch
[21:46:06.845] [Patch] LUN1 Sector NUM_DISK_SECTORS-1. Offset88 Size4
[21:46:06.845] [Device] INFO: Calling handler for patch
[21:46:06.847] [Device] INFO: Calling handler for patch
[21:46:06.847] [Patch] LUN1 Sector1 Offset16 Size4
[21:46:06.847] [Device] INFO: Calling handler for patch
[21:46:06.848] [Device] INFO: Calling handler for patch
[21:46:06.848] [Patch] LUN1 Sector1 Offset16 Size4
[21:46:06.848] [Device] INFO: Calling handler for patch
[21:46:06.850] [Device] INFO: Calling handler for patch
[21:46:06.850] [Patch] LUN1 Sector1 Offset16 Size4
[21:46:06.850] [Device] INFO: Calling handler for patch
[21:46:06.851] [Device] INFO: Calling handler for patch
[21:46:06.851] [Patch] LUN1 Sector1 Offset16 Size4
[21:46:06.851] [Device] INFO: Calling handler for patch
[21:46:06.853] [Device] INFO: Calling handler for patch
[21:46:06.853] [Patch] LUN1 Sector4 Offset16 Size4
[21:46:06.853] [Device] INFO: Calling handler for patch
[21:46:06.854] [Device] INFO: Calling handler for patch
[21:46:06.854] [Patch] LUN1 Sector4 Offset16 Size4
[21:46:06.855] [Device] INFO: Calling handler for patch
[21:46:06.856] [Device] INFO: Calling handler for patch
[21:46:06.856] [Patch] LUN1 Sector NUM_DISK_SECTORS-1. Offset16 Size4
[21:46:06.856] [Device] INFO: Calling handler for patch
[21:46:06.857] [Device] INFO: Calling handler for patch
[21:46:06.857] [Patch] LUN1 Sector NUM_DISK_SECTORS-1. Offset16 Size4
[21:46:06.857] [Device] INFO: Calling handler for patch
[21:46:06.859] [Device] INFO: Calling handler for patch
[21:46:06.859] [Patch] patch1.xml 成功应用 26 个补丁
[21:46:06.859] [Firehose] 应用 Patch: patch2.xml
[21:46:06.860] [Patch] LUN2 Sector2 Offset296 Size8
[21:46:06.860] [Device] INFO: Calling handler for patch
[21:46:06.861] [Device] INFO: Calling handler for patch
[21:46:06.861] [Patch] LUN2 Sector2 Offset296 Size8
[21:46:06.861] [Device] INFO: Calling handler for patch
[21:46:06.862] [Device] INFO: Calling handler for patch
[21:46:06.862] [Patch] LUN2 Sector0 Offset296 Size8
[21:46:06.863] [Device] INFO: Calling handler for patch
[21:46:06.864] [Device] INFO: Calling handler for patch
[21:46:06.864] [Patch] LUN2 Sector NUM_DISK_SECTORS-5. Offset296 Size8
[21:46:06.864] [Device] INFO: Calling handler for patch
[21:46:06.865] [Device] INFO: Calling handler for patch
[21:46:06.865] [Patch] LUN2 Sector1 Offset48 Size8
[21:46:06.866] [Device] INFO: Calling handler for patch
[21:46:06.867] [Device] INFO: Calling handler for patch
[21:46:06.867] [Patch] LUN2 Sector1 Offset48 Size8
[21:46:06.867] [Device] INFO: Calling handler for patch
[21:46:06.868] [Device] INFO: Calling handler for patch
[21:46:06.868] [Patch] LUN2 Sector4 Offset48 Size8
[21:46:06.868] [Device] INFO: Calling handler for patch
[21:46:06.870] [Device] INFO: Calling handler for patch
[21:46:06.870] [Patch] LUN2 Sector NUM_DISK_SECTORS-1. Offset48 Size8
[21:46:06.870] [Device] INFO: Calling handler for patch
[21:46:06.871] [Device] INFO: Calling handler for patch
[21:46:06.871] [Patch] LUN2 Sector1 Offset32 Size8
[21:46:06.871] [Device] INFO: Calling handler for patch
[21:46:06.873] [Device] INFO: Calling handler for patch
[21:46:06.873] [Patch] LUN2 Sector1 Offset32 Size8
[21:46:06.873] [Device] INFO: Calling handler for patch
[21:46:06.874] [Device] INFO: Calling handler for patch
[21:46:06.874] [Patch] LUN2 Sector4 Offset24 Size8
[21:46:06.874] [Device] INFO: Calling handler for patch
[21:46:06.875] [Device] INFO: Calling handler for patch
[21:46:06.876] [Patch] LUN2 Sector NUM_DISK_SECTORS-1. Offset24 Size8
[21:46:06.876] [Device] INFO: Calling handler for patch
[21:46:06.877] [Device] INFO: Calling handler for patch
[21:46:06.877] [Patch] LUN2 Sector4 Offset72 Size8
[21:46:06.877] [Device] INFO: Calling handler for patch
[21:46:06.878] [Device] INFO: Calling handler for patch
[21:46:06.878] [Patch] LUN2 Sector NUM_DISK_SECTORS-1. Offset72 Size8
[21:46:06.879] [Device] INFO: Calling handler for patch
[21:46:06.880] [Device] INFO: Calling handler for patch
[21:46:06.880] [Patch] LUN2 Sector1 Offset88 Size4
[21:46:06.880] [Device] INFO: Calling handler for patch
[21:46:06.881] [Device] INFO: Calling handler for patch
[21:46:06.881] [Patch] LUN2 Sector1 Offset88 Size4
[21:46:06.882] [Device] INFO: Calling handler for patch
[21:46:06.883] [Device] INFO: Calling handler for patch
[21:46:06.883] [Patch] LUN2 Sector4 Offset88 Size4
[21:46:06.883] [Device] INFO: Calling handler for patch
[21:46:06.884] [Device] INFO: Calling handler for patch
[21:46:06.885] [Patch] LUN2 Sector NUM_DISK_SECTORS-1. Offset88 Size4
[21:46:06.885] [Device] INFO: Calling handler for patch
[21:46:06.886] [Device] INFO: Calling handler for patch
[21:46:06.886] [Patch] LUN2 Sector1 Offset16 Size4
[21:46:06.886] [Device] INFO: Calling handler for patch
[21:46:06.888] [Device] INFO: Calling handler for patch
[21:46:06.888] [Patch] LUN2 Sector1 Offset16 Size4
[21:46:06.888] [Device] INFO: Calling handler for patch
[21:46:06.889] [Device] INFO: Calling handler for patch
[21:46:06.889] [Patch] LUN2 Sector1 Offset16 Size4
[21:46:06.889] [Device] INFO: Calling handler for patch
[21:46:06.891] [Device] INFO: Calling handler for patch
[21:46:06.891] [Patch] LUN2 Sector1 Offset16 Size4
[21:46:06.891] [Device] INFO: Calling handler for patch
[21:46:06.892] [Device] INFO: Calling handler for patch
[21:46:06.892] [Patch] LUN2 Sector4 Offset16 Size4
[21:46:06.892] [Device] INFO: Calling handler for patch
[21:46:06.894] [Device] INFO: Calling handler for patch
[21:46:06.894] [Patch] LUN2 Sector4 Offset16 Size4
[21:46:06.894] [Device] INFO: Calling handler for patch
[21:46:06.895] [Device] INFO: Calling handler for patch
[21:46:06.895] [Patch] LUN2 Sector NUM_DISK_SECTORS-1. Offset16 Size4
[21:46:06.895] [Device] INFO: Calling handler for patch
[21:46:06.897] [Device] INFO: Calling handler for patch
[21:46:06.897] [Patch] LUN2 Sector NUM_DISK_SECTORS-1. Offset16 Size4
[21:46:06.897] [Device] INFO: Calling handler for patch
[21:46:06.898] [Device] INFO: Calling handler for patch
[21:46:06.898] [Patch] patch2.xml 成功应用 26 个补丁
[21:46:06.898] [Firehose] 应用 Patch: patch3.xml
[21:46:06.899] [Patch] LUN3 Sector2 Offset424 Size8
[21:46:06.899] [Device] INFO: Calling handler for patch
[21:46:06.900] [Device] INFO: Calling handler for patch
[21:46:06.900] [Patch] LUN3 Sector2 Offset424 Size8
[21:46:06.900] [Device] INFO: Calling handler for patch
[21:46:06.900] [Device] INFO: Calling handler for patch
[21:46:06.900] [Patch] LUN3 Sector0 Offset424 Size8
[21:46:06.900] [Device] INFO: Calling handler for patch
[21:46:06.901] [Device] INFO: Calling handler for patch
[21:46:06.901] [Patch] LUN3 Sector NUM_DISK_SECTORS-5. Offset424 Size8
[21:46:06.901] [Device] INFO: Calling handler for patch
[21:46:06.901] [Device] INFO: Calling handler for patch
[21:46:06.901] [Patch] LUN3 Sector1 Offset48 Size8
[21:46:06.902] [Device] INFO: Calling handler for patch
[21:46:06.902] [Device] INFO: Calling handler for patch
[21:46:06.902] [Patch] LUN3 Sector1 Offset48 Size8
[21:46:06.902] [Device] INFO: Calling handler for patch
[21:46:06.902] [Device] INFO: Calling handler for patch
[21:46:06.903] [Patch] LUN3 Sector4 Offset48 Size8
[21:46:06.903] [Device] INFO: Calling handler for patch
[21:46:06.903] [Device] INFO: Calling handler for patch
[21:46:06.903] [Patch] LUN3 Sector NUM_DISK_SECTORS-1. Offset48 Size8
[21:46:06.903] [Device] INFO: Calling handler for patch
[21:46:06.904] [Device] INFO: Calling handler for patch
[21:46:06.904] [Patch] LUN3 Sector1 Offset32 Size8
[21:46:06.904] [Device] INFO: Calling handler for patch
[21:46:06.904] [Device] INFO: Calling handler for patch
[21:46:06.904] [Patch] LUN3 Sector1 Offset32 Size8
[21:46:06.904] [Device] INFO: Calling handler for patch
[21:46:06.905] [Device] INFO: Calling handler for patch
[21:46:06.905] [Patch] LUN3 Sector4 Offset24 Size8
[21:46:06.905] [Device] INFO: Calling handler for patch
[21:46:06.905] [Device] INFO: Calling handler for patch
[21:46:06.905] [Patch] LUN3 Sector NUM_DISK_SECTORS-1. Offset24 Size8
[21:46:06.906] [Device] INFO: Calling handler for patch
[21:46:06.906] [Device] INFO: Calling handler for patch
[21:46:06.906] [Patch] LUN3 Sector4 Offset72 Size8
[21:46:06.906] [Device] INFO: Calling handler for patch
[21:46:06.906] [Device] INFO: Calling handler for patch
[21:46:06.907] [Patch] LUN3 Sector NUM_DISK_SECTORS-1. Offset72 Size8
[21:46:06.907] [Device] INFO: Calling handler for patch
[21:46:06.907] [Device] INFO: Calling handler for patch
[21:46:06.907] [Patch] LUN3 Sector1 Offset88 Size4
[21:46:06.907] [Device] INFO: Calling handler for patch
[21:46:06.908] [Device] INFO: Calling handler for patch
[21:46:06.908] [Patch] LUN3 Sector1 Offset88 Size4
[21:46:06.908] [Device] INFO: Calling handler for patch
[21:46:06.908] [Device] INFO: Calling handler for patch
[21:46:06.908] [Patch] LUN3 Sector4 Offset88 Size4
[21:46:06.909] [Device] INFO: Calling handler for patch
[21:46:06.909] [Device] INFO: Calling handler for patch
[21:46:06.909] [Patch] LUN3 Sector NUM_DISK_SECTORS-1. Offset88 Size4
[21:46:06.909] [Device] INFO: Calling handler for patch
[21:46:06.910] [Device] INFO: Calling handler for patch
[21:46:06.910] [Patch] LUN3 Sector1 Offset16 Size4
[21:46:06.910] [Device] INFO: Calling handler for patch
[21:46:06.910] [Device] INFO: Calling handler for patch
[21:46:06.910] [Patch] LUN3 Sector1 Offset16 Size4
[21:46:06.911] [Device] INFO: Calling handler for patch
[21:46:06.911] [Device] INFO: Calling handler for patch
[21:46:06.911] [Patch] LUN3 Sector1 Offset16 Size4
[21:46:06.911] [Device] INFO: Calling handler for patch
[21:46:06.912] [Device] INFO: Calling handler for patch
[21:46:06.912] [Patch] LUN3 Sector1 Offset16 Size4
[21:46:06.912] [Device] INFO: Calling handler for patch
[21:46:06.912] [Device] INFO: Calling handler for patch
[21:46:06.912] [Patch] LUN3 Sector4 Offset16 Size4
[21:46:06.912] [Device] INFO: Calling handler for patch
[21:46:06.913] [Device] INFO: Calling handler for patch
[21:46:06.913] [Patch] LUN3 Sector4 Offset16 Size4
[21:46:06.913] [Device] INFO: Calling handler for patch
[21:46:06.914] [Device] INFO: Calling handler for patch
[21:46:06.914] [Patch] LUN3 Sector NUM_DISK_SECTORS-1. Offset16 Size4
[21:46:06.914] [Device] INFO: Calling handler for patch
[21:46:06.914] [Device] INFO: Calling handler for patch
[21:46:06.914] [Patch] LUN3 Sector NUM_DISK_SECTORS-1. Offset16 Size4
[21:46:06.914] [Device] INFO: Calling handler for patch
[21:46:06.915] [Device] INFO: Calling handler for patch
[21:46:06.915] [Patch] patch3.xml 成功应用 26 个补丁
[21:46:06.915] [Firehose] 应用 Patch: patch4.xml
[21:46:06.916] [Patch] LUN4 Sector4 Offset424 Size8
[21:46:06.916] [Device] INFO: Calling handler for patch
[21:46:06.916] [Device] INFO: Calling handler for patch
[21:46:06.916] [Patch] LUN4 Sector4 Offset424 Size8
[21:46:06.916] [Device] INFO: Calling handler for patch
[21:46:06.917] [Device] INFO: Calling handler for patch
[21:46:06.917] [Patch] LUN4 Sector2 Offset424 Size8
[21:46:06.917] [Device] INFO: Calling handler for patch
[21:46:06.917] [Device] INFO: Calling handler for patch
[21:46:06.917] [Patch] LUN4 Sector NUM_DISK_SECTORS-3. Offset424 Size8
[21:46:06.918] [Device] INFO: Calling handler for patch
[21:46:06.918] [Device] INFO: Calling handler for patch
[21:46:06.918] [Patch] LUN4 Sector1 Offset48 Size8
[21:46:06.918] [Device] INFO: Calling handler for patch
[21:46:06.918] [Device] INFO: Calling handler for patch
[21:46:06.918] [Patch] LUN4 Sector1 Offset48 Size8
[21:46:06.919] [Device] INFO: Calling handler for patch
[21:46:06.919] [Device] INFO: Calling handler for patch
[21:46:06.919] [Patch] LUN4 Sector4 Offset48 Size8
[21:46:06.919] [Device] INFO: Calling handler for patch
[21:46:06.920] [Device] INFO: Calling handler for patch
[21:46:06.920] [Patch] LUN4 Sector NUM_DISK_SECTORS-1. Offset48 Size8
[21:46:06.920] [Device] INFO: Calling handler for patch
[21:46:06.920] [Device] INFO: Calling handler for patch
[21:46:06.920] [Patch] LUN4 Sector1 Offset32 Size8
[21:46:06.920] [Device] INFO: Calling handler for patch
[21:46:06.921] [Device] INFO: Calling handler for patch
[21:46:06.921] [Patch] LUN4 Sector1 Offset32 Size8
[21:46:06.921] [Device] INFO: Calling handler for patch
[21:46:06.921] [Device] INFO: Calling handler for patch
[21:46:06.921] [Patch] LUN4 Sector4 Offset24 Size8
[21:46:06.922] [Device] INFO: Calling handler for patch
[21:46:06.922] [Device] INFO: Calling handler for patch
[21:46:06.922] [Patch] LUN4 Sector NUM_DISK_SECTORS-1. Offset24 Size8
[21:46:06.922] [Device] INFO: Calling handler for patch
[21:46:06.923] [Device] INFO: Calling handler for patch
[21:46:06.923] [Patch] LUN4 Sector4 Offset72 Size8
[21:46:06.923] [Device] INFO: Calling handler for patch
[21:46:06.923] [Device] INFO: Calling handler for patch
[21:46:06.923] [Patch] LUN4 Sector NUM_DISK_SECTORS-1. Offset72 Size8
[21:46:06.923] [Device] INFO: Calling handler for patch
[21:46:06.924] [Device] INFO: Calling handler for patch
[21:46:06.924] [Patch] LUN4 Sector1 Offset88 Size4
[21:46:06.924] [Device] INFO: Calling handler for patch
[21:46:06.924] [Device] INFO: Calling handler for patch
[21:46:06.924] [Patch] LUN4 Sector1 Offset88 Size4
[21:46:06.925] [Device] INFO: Calling handler for patch
[21:46:06.925] [Device] INFO: Calling handler for patch
[21:46:06.925] [Patch] LUN4 Sector4 Offset88 Size4
[21:46:06.925] [Device] INFO: Calling handler for patch
[21:46:06.926] [Device] INFO: Calling handler for patch
[21:46:06.926] [Patch] LUN4 Sector NUM_DISK_SECTORS-1. Offset88 Size4
[21:46:06.926] [Device] INFO: Calling handler for patch
[21:46:06.927] [Device] INFO: Calling handler for patch
[21:46:06.927] [Patch] LUN4 Sector1 Offset16 Size4
[21:46:06.927] [Device] INFO: Calling handler for patch
[21:46:06.927] [Device] INFO: Calling handler for patch
[21:46:06.927] [Patch] LUN4 Sector1 Offset16 Size4
[21:46:06.927] [Device] INFO: Calling handler for patch
[21:46:06.928] [Device] INFO: Calling handler for patch
[21:46:06.928] [Patch] LUN4 Sector1 Offset16 Size4
[21:46:06.928] [Device] INFO: Calling handler for patch
[21:46:06.928] [Device] INFO: Calling handler for patch
[21:46:06.928] [Patch] LUN4 Sector1 Offset16 Size4
[21:46:06.929] [Device] INFO: Calling handler for patch
[21:46:06.929] [Device] INFO: Calling handler for patch
[21:46:06.929] [Patch] LUN4 Sector4 Offset16 Size4
[21:46:06.929] [Device] INFO: Calling handler for patch
[21:46:06.930] [Device] INFO: Calling handler for patch
[21:46:06.930] [Patch] LUN4 Sector4 Offset16 Size4
[21:46:06.930] [Device] INFO: Calling handler for patch
[21:46:06.930] [Device] INFO: Calling handler for patch
[21:46:06.930] [Patch] LUN4 Sector NUM_DISK_SECTORS-1. Offset16 Size4
[21:46:06.931] [Device] INFO: Calling handler for patch
[21:46:06.931] [Device] INFO: Calling handler for patch
[21:46:06.931] [Patch] LUN4 Sector NUM_DISK_SECTORS-1. Offset16 Size4
[21:46:06.931] [Device] INFO: Calling handler for patch
[21:46:06.932] [Device] INFO: Calling handler for patch
[21:46:06.932] [Patch] patch4.xml 成功应用 26 个补丁
[21:46:06.932] [Firehose] 应用 Patch: patch5.xml
[21:46:06.932] [Patch] LUN5 Sector2 Offset680 Size8
[21:46:06.933] [Device] INFO: Calling handler for patch
[21:46:06.933] [Device] INFO: Calling handler for patch
[21:46:06.933] [Patch] LUN5 Sector2 Offset680 Size8
[21:46:06.933] [Device] INFO: Calling handler for patch
[21:46:06.934] [Device] INFO: Calling handler for patch
[21:46:06.934] [Patch] LUN5 Sector0 Offset680 Size8
[21:46:06.934] [Device] INFO: Calling handler for patch
[21:46:06.934] [Device] INFO: Calling handler for patch
[21:46:06.934] [Patch] LUN5 Sector NUM_DISK_SECTORS-5. Offset680 Size8
[21:46:06.934] [Device] INFO: Calling handler for patch
[21:46:06.935] [Device] INFO: Calling handler for patch
[21:46:06.935] [Patch] LUN5 Sector1 Offset48 Size8
[21:46:06.935] [Device] INFO: Calling handler for patch
[21:46:06.935] [Device] INFO: Calling handler for patch
[21:46:06.935] [Patch] LUN5 Sector1 Offset48 Size8
[21:46:06.936] [Device] INFO: Calling handler for patch
[21:46:06.936] [Device] INFO: Calling handler for patch
[21:46:06.936] [Patch] LUN5 Sector4 Offset48 Size8
[21:46:06.936] [Device] INFO: Calling handler for patch
[21:46:06.937] [Device] INFO: Calling handler for patch
[21:46:06.937] [Patch] LUN5 Sector NUM_DISK_SECTORS-1. Offset48 Size8
[21:46:06.937] [Device] INFO: Calling handler for patch
[21:46:06.937] [Device] INFO: Calling handler for patch
[21:46:06.937] [Patch] LUN5 Sector1 Offset32 Size8
[21:46:06.937] [Device] INFO: Calling handler for patch
[21:46:06.938] [Device] INFO: Calling handler for patch
[21:46:06.938] [Patch] LUN5 Sector1 Offset32 Size8
[21:46:06.938] [Device] INFO: Calling handler for patch
[21:46:06.938] [Device] INFO: Calling handler for patch
[21:46:06.938] [Patch] LUN5 Sector4 Offset24 Size8
[21:46:06.939] [Device] INFO: Calling handler for patch
[21:46:06.939] [Device] INFO: Calling handler for patch
[21:46:06.939] [Patch] LUN5 Sector NUM_DISK_SECTORS-1. Offset24 Size8
[21:46:06.939] [Device] INFO: Calling handler for patch
[21:46:06.940] [Device] INFO: Calling handler for patch
[21:46:06.940] [Patch] LUN5 Sector4 Offset72 Size8
[21:46:06.940] [Device] INFO: Calling handler for patch
[21:46:06.940] [Device] INFO: Calling handler for patch
[21:46:06.940] [Patch] LUN5 Sector NUM_DISK_SECTORS-1. Offset72 Size8
[21:46:06.940] [Device] INFO: Calling handler for patch
[21:46:06.941] [Device] INFO: Calling handler for patch
[21:46:06.941] [Patch] LUN5 Sector1 Offset88 Size4
[21:46:06.941] [Device] INFO: Calling handler for patch
[21:46:06.941] [Device] INFO: Calling handler for patch
[21:46:06.941] [Patch] LUN5 Sector1 Offset88 Size4
[21:46:06.942] [Device] INFO: Calling handler for patch
[21:46:06.942] [Device] INFO: Calling handler for patch
[21:46:06.942] [Patch] LUN5 Sector4 Offset88 Size4
[21:46:06.942] [Device] INFO: Calling handler for patch
[21:46:06.943] [Device] INFO: Calling handler for patch
[21:46:06.943] [Patch] LUN5 Sector NUM_DISK_SECTORS-1. Offset88 Size4
[21:46:06.943] [Device] INFO: Calling handler for patch
[21:46:06.943] [Device] INFO: Calling handler for patch
[21:46:06.944] [Patch] LUN5 Sector1 Offset16 Size4
[21:46:06.944] [Device] INFO: Calling handler for patch
[21:46:06.944] [Device] INFO: Calling handler for patch
[21:46:06.944] [Patch] LUN5 Sector1 Offset16 Size4
[21:46:06.944] [Device] INFO: Calling handler for patch
[21:46:06.945] [Device] INFO: Calling handler for patch
[21:46:06.945] [Patch] LUN5 Sector1 Offset16 Size4
[21:46:06.945] [Device] INFO: Calling handler for patch
[21:46:06.945] [Device] INFO: Calling handler for patch
[21:46:06.945] [Patch] LUN5 Sector1 Offset16 Size4
[21:46:06.945] [Device] INFO: Calling handler for patch
[21:46:06.946] [Device] INFO: Calling handler for patch
[21:46:06.946] [Patch] LUN5 Sector4 Offset16 Size4
[21:46:06.946] [Device] INFO: Calling handler for patch
[21:46:06.947] [Device] INFO: Calling handler for patch
[21:46:06.947] [Patch] LUN5 Sector4 Offset16 Size4
[21:46:06.947] [Device] INFO: Calling handler for patch
[21:46:06.947] [Device] INFO: Calling handler for patch
[21:46:06.947] [Patch] LUN5 Sector NUM_DISK_SECTORS-1. Offset16 Size4
[21:46:06.947] [Device] INFO: Calling handler for patch
[21:46:06.948] [Device] INFO: Calling handler for patch
[21:46:06.948] [Patch] LUN5 Sector NUM_DISK_SECTORS-1. Offset16 Size4
[21:46:06.948] [Device] INFO: Calling handler for patch
[21:46:06.948] [Device] INFO: Calling handler for patch
[21:46:06.948] [Patch] patch5.xml 成功应用 26 个补丁
[21:46:06.951] [Device] INFO: Calling handler for fixgpt
[21:46:06.977] [Device] INFO: Calling handler for fixgpt
[21:46:06.982] 正在读取 GUID 分区表...
[21:46:06.983] [GPT] LUN0 标准模式读取 256 扇区 (1024KB)...
[21:46:06.983] [Read] LUN0 扇区0+256 (1.00 MB) 标准模式
[21:46:07.018] [GPT] LUN0 收到 1048576 字节
[21:46:07.018] [GPT] LUN0 读取完成: 1048576 字节 (35ms)
[21:46:07.018] [GPT] LUN0 找到 GPT 签名 @ 偏移 4096
[21:46:07.018] [GPT] LUN0 开始解析 GPT (数据大小: 1048576 字节, 当前扇区大小: 4096B)
[21:46:07.018] [GPT] 在偏移 4096 处找到 GPT Header
[21:46:07.018] [GPT] 自动检测扇区大小: 4096 字节 (Header偏移=4096, MyLBA=1)
[21:46:07.018] [GPT] LUN0 解析: Header@4096, SectorSize=4096, EntrySize=128
[21:46:07.018] [GPT] Header: PartitionEntryLba=2, Entries=64
[21:46:07.018] [GPT] 分区条目偏移: 8192 (PartitionEntryLba(2) * 4096B)
[21:46:07.018] [GPT] #1: switch @ LBA 6 (8 KB)
[21:46:07.018] [GPT] #2: ssd @ LBA 8 (32 KB)
[21:46:07.018] [GPT] #3: dbg @ LBA 16 (32 KB)
[21:46:07.018] [GPT] #4: bk01 @ LBA 24 (32 KB)
[21:46:07.018] [GPT] #5: bk02 @ LBA 32 (128 KB)
[21:46:07.018] [GPT] #20: super @ LBA 573440 (8.50 GB)
[21:46:07.018] [GPT] LUN0 解析完成: 33 个分区
[21:46:07.018] [Slot] 检测到 2 个 A/B 分区
[21:46:07.018] [Slot] 使用 2 个分区进行槽位判断
[21:46:07.018] [Slot] A激活=0, B激活=0
[21:46:07.018] [Slot] A优先级=0.00, B优先级=0.00
[21:46:07.018] [Slot] A成功=0, B成功=0
[21:46:07.020] [Slot] Slot A 分区:
[21:46:07.020] [Slot]   vbmeta_system_a      Pri=0 Act=False Suc=False Unb=False
[21:46:07.020] [Slot] Slot B 分区:
[21:46:07.020] [Slot]   vbmeta_system_b      Pri=0 Act=False Suc=False Unb=False
[21:46:07.020] [GPT] LUN0: 33 个分区, 槽位: undefined (未定义 (无激活标志))
[21:46:07.020] [GPT] LUN0 GPT Header 详情:
[21:46:07.020] [GPT]   类型: gptmain, 版本: 00010000, Header大小: 92B
[21:46:07.021] [GPT]   磁盘 GUID: 9CE5A583-40E8-D51B-77D0-9EA18547EB6D
[21:46:07.021] [GPT]   MyLBA: 1, AlternateLBA: 30617599
[21:46:07.021] [GPT]   可用区域: LBA 6 - 30617594
[21:46:07.021] [GPT]   分区条目: LBA 2, 数量: 64, 条目大小: 128B
[21:46:07.021] [GPT]   扇区大小: 4096B, CRC: 有效
[21:46:07.021] [GPT]   A/B 槽位: undefined (未定义 (无激活标志))
[21:46:07.021] [GPT] LUN0 解析结果: 33 个分区
[21:46:07.021] [GPT]   switch                         LBA          6 -          7        8 KB
[21:46:07.021] [GPT]   ssd                            LBA          8 -         15       32 KB
[21:46:07.021] [GPT]   dbg                            LBA         16 -         23       32 KB
[21:46:07.021] [GPT]   bk01                           LBA         24 -         31       32 KB
[21:46:07.021] [GPT]   bk02                           LBA         32 -         63      128 KB
[21:46:07.021] [GPT]   bk03                           LBA         64 -        127      256 KB
[21:46:07.021] [GPT]   bk04                           LBA        128 -        255      512 KB
[21:46:07.021] [GPT]   persist                        LBA        256 -      16639    64.00 MB
[21:46:07.021] [GPT]   persistbak                     LBA      16640 -      33023    64.00 MB
[21:46:07.021] [GPT]   countrycode                    LBA      33024 -      33535     2.00 MB
[21:46:07.021] [GPT]   misc                           LBA      33536 -      34559     4.00 MB
[21:46:07.021] [GPT]   bk06                           LBA      34560 -      36607     8.00 MB
[21:46:07.021] [GPT]   keystore                       LBA      36608 -      36735      512 KB
[21:46:07.021] [GPT]   frp                            LBA      36736 -      36863      512 KB
[21:46:07.021] [GPT]   bk07                           LBA      36864 -      38911     8.00 MB
[21:46:07.021] [GPT]   ffu                            LBA      38912 -      40959     8.00 MB
[21:46:07.021] [GPT]   oops                           LBA      40960 -      45055    16.00 MB
[21:46:07.021] [GPT]   devinfo                        LBA      45056 -      49151    16.00 MB
[21:46:07.021] [GPT]   cust                           LBA      49152 -     573439     2.00 GB
[21:46:07.021] [GPT]   super                          LBA     573440 -    2801663     8.50 GB
[21:46:07.021] [GPT]   vbmeta_system_a                LBA    2801664 -    2801695      128 KB
[21:46:07.021] [GPT]   vbmeta_system_b                LBA    2801696 -    2801727      128 KB
[21:46:07.021] [GPT]   bk010                          LBA    2801728 -    2809855    31.75 MB
[21:46:07.021] [GPT]   metadata                       LBA    2809856 -    2813951    16.00 MB
[21:46:07.021] [GPT]   bk08                           LBA    2813952 -    2818047    16.00 MB
[21:46:07.021] [GPT]   splash                         LBA    2818048 -    2826239    32.00 MB
[21:46:07.021] [GPT]   bk09                           LBA    2826240 -    2834431    32.00 MB
[21:46:07.021] [GPT]   mtdblk                         LBA    2834432 -    2842623    32.00 MB
[21:46:07.021] [GPT]   logdump                        LBA    2842624 -    2859007    64.00 MB
[21:46:07.021] [GPT]   minidump                       LBA    2859008 -    2883583    96.00 MB
[21:46:07.021] [GPT]   rawdump                        LBA    2883584 -    2934783   200.00 MB
[21:46:07.021] [GPT]   rescue                         LBA    2934784 -    2967551   128.00 MB
[21:46:07.021] [GPT]   userdata                       LBA    2967552 -   30617594   105.48 GB
[21:46:07.084] [GPT] LUN1 标准模式读取 256 扇区 (1024KB)...
[21:46:07.114] [GPT] LUN1 收到 1048576 字节
[21:46:07.114] [GPT] LUN1 读取完成: 1048576 字节 (93ms)
[21:46:07.114] [GPT] LUN1 找到 GPT 签名 @ 偏移 4096
[21:46:07.114] [GPT] LUN1 开始解析 GPT (数据大小: 1048576 字节, 当前扇区大小: 4096B)
[21:46:07.114] [GPT] 在偏移 4096 处找到 GPT Header
[21:46:07.114] [GPT] 自动检测扇区大小: 4096 字节 (Header偏移=4096, MyLBA=1)
[21:46:07.114] [GPT] LUN1 解析: Header@4096, SectorSize=4096, EntrySize=128
[21:46:07.114] [GPT] Header: PartitionEntryLba=2, Entries=32
[21:46:07.114] [GPT] 分区条目偏移: 8192 (PartitionEntryLba(2) * 4096B)
[21:46:07.114] [GPT] #1: xbl_a @ LBA 6 (8.00 MB)
[21:46:07.114] [GPT] #2: xbl_config_a @ LBA 2054 (7.96 MB)
[21:46:07.114] [GPT] LUN1 解析完成: 2 个分区
[21:46:07.114] [Slot] 检测到 2 个 A/B 分区
[21:46:07.114] [Slot] 使用 1 个分区进行槽位判断
[21:46:07.114] [Slot] A激活=0, B激活=0
[21:46:07.114] [Slot] A优先级=0.00, B优先级=0.00
[21:46:07.114] [Slot] A成功=0, B成功=0
[21:46:07.115] [Slot] Slot A 分区:
[21:46:07.115] [Slot]   xbl_a                Pri=0 Act=False Suc=False Unb=False
[21:46:07.115] [Slot] Slot B 分区:
[21:46:07.115] [GPT] LUN1: 2 个分区, 槽位: undefined (未定义 (无激活标志))
[21:46:07.115] [GPT] LUN1 GPT Header 详情:
[21:46:07.115] [GPT]   类型: gptmain, 版本: 00010000, Header大小: 92B
[21:46:07.115] [GPT]   磁盘 GUID: 8885BD61-B133-599B-52BE-1A7D42B2812C
[21:46:07.115] [GPT]   MyLBA: 1, AlternateLBA: 4095
[21:46:07.115] [GPT]   可用区域: LBA 6 - 4090
[21:46:07.115] [GPT]   分区条目: LBA 2, 数量: 32, 条目大小: 128B
[21:46:07.115] [GPT]   扇区大小: 4096B, CRC: 有效
[21:46:07.115] [GPT]   A/B 槽位: undefined (未定义 (无激活标志))
[21:46:07.115] [GPT] LUN1 解析结果: 2 个分区
[21:46:07.115] [GPT]   xbl_a                          LBA          6 -       2053     8.00 MB
[21:46:07.115] [GPT]   xbl_config_a                   LBA       2054 -       4090     7.96 MB
[21:46:07.177] [GPT] LUN2 标准模式读取 256 扇区 (1024KB)...
[21:46:07.207] [GPT] LUN2 收到 1048576 字节
[21:46:07.207] [GPT] LUN2 读取完成: 1048576 字节 (91ms)
[21:46:07.207] [GPT] LUN2 找到 GPT 签名 @ 偏移 4096
[21:46:07.207] [GPT] LUN2 开始解析 GPT (数据大小: 1048576 字节, 当前扇区大小: 4096B)
[21:46:07.207] [GPT] 在偏移 4096 处找到 GPT Header
[21:46:07.207] [GPT] 自动检测扇区大小: 4096 字节 (Header偏移=4096, MyLBA=1)
[21:46:07.207] [GPT] LUN2 解析: Header@4096, SectorSize=4096, EntrySize=128
[21:46:07.207] [GPT] Header: PartitionEntryLba=2, Entries=32
[21:46:07.207] [GPT] 分区条目偏移: 8192 (PartitionEntryLba(2) * 4096B)
[21:46:07.207] [GPT] #1: xbl_b @ LBA 6 (8.00 MB)
[21:46:07.207] [GPT] #2: xbl_config_b @ LBA 2054 (7.96 MB)
[21:46:07.207] [GPT] LUN2 解析完成: 2 个分区
[21:46:07.207] [Slot] 检测到 2 个 A/B 分区
[21:46:07.207] [Slot] 使用 1 个分区进行槽位判断
[21:46:07.207] [Slot] A激活=0, B激活=0
[21:46:07.207] [Slot] A优先级=0.00, B优先级=0.00
[21:46:07.207] [Slot] A成功=0, B成功=0
[21:46:07.211] [Slot] Slot A 分区:
[21:46:07.211] [Slot] Slot B 分区:
[21:46:07.211] [Slot]   xbl_b                Pri=0 Act=False Suc=False Unb=False
[21:46:07.211] [GPT] LUN2: 2 个分区, 槽位: undefined (未定义 (无激活标志))
[21:46:07.211] [GPT] LUN2 GPT Header 详情:
[21:46:07.211] [GPT]   类型: gptmain, 版本: 00010000, Header大小: 92B
[21:46:07.211] [GPT]   磁盘 GUID: 8AE7A516-153C-BB85-6A1F-A1A7DEA7A7BF
[21:46:07.211] [GPT]   MyLBA: 1, AlternateLBA: 4095
[21:46:07.211] [GPT]   可用区域: LBA 6 - 4090
[21:46:07.211] [GPT]   分区条目: LBA 2, 数量: 32, 条目大小: 128B
[21:46:07.211] [GPT]   扇区大小: 4096B, CRC: 有效
[21:46:07.211] [GPT]   A/B 槽位: undefined (未定义 (无激活标志))
[21:46:07.211] [GPT] LUN2 解析结果: 2 个分区
[21:46:07.212] [GPT]   xbl_b                          LBA          6 -       2053     8.00 MB
[21:46:07.212] [GPT]   xbl_config_b                   LBA       2054 -       4090     7.96 MB
[21:46:07.270] [GPT] LUN3 标准模式读取 256 扇区 (1024KB)...
[21:46:07.303] [GPT] LUN3 收到 1048576 字节
[21:46:07.303] [GPT] LUN3 读取完成: 1048576 字节 (91ms)
[21:46:07.303] [GPT] LUN3 找到 GPT 签名 @ 偏移 4096
[21:46:07.303] [GPT] LUN3 开始解析 GPT (数据大小: 1048576 字节, 当前扇区大小: 4096B)
[21:46:07.303] [GPT] 在偏移 4096 处找到 GPT Header
[21:46:07.303] [GPT] 自动检测扇区大小: 4096 字节 (Header偏移=4096, MyLBA=1)
[21:46:07.303] [GPT] LUN3 解析: Header@4096, SectorSize=4096, EntrySize=128
[21:46:07.304] [GPT] Header: PartitionEntryLba=2, Entries=32
[21:46:07.304] [GPT] 分区条目偏移: 8192 (PartitionEntryLba(2) * 4096B)
[21:46:07.304] [GPT] #1: ALIGN_TO_128K_1 @ LBA 6 (104 KB)
[21:46:07.304] [GPT] #2: cdt @ LBA 32 (128 KB)
[21:46:07.304] [GPT] #3: ddr @ LBA 64 (31.73 MB)
[21:46:07.304] [GPT] LUN3 解析完成: 3 个分区
[21:46:07.304] [Slot] 未检测到 A/B 分区
[21:46:07.304] [GPT] LUN3: 3 个分区, 槽位: nonexistent ()
[21:46:07.304] [GPT] LUN3 GPT Header 详情:
[21:46:07.304] [GPT]   类型: gptmain, 版本: 00010000, Header大小: 92B
[21:46:07.304] [GPT]   磁盘 GUID: 77FFE96F-133D-4683-4FA1-17172B75B8ED
[21:46:07.304] [GPT]   MyLBA: 1, AlternateLBA: 8191
[21:46:07.304] [GPT]   可用区域: LBA 6 - 8186
[21:46:07.304] [GPT]   分区条目: LBA 2, 数量: 32, 条目大小: 128B
[21:46:07.304] [GPT]   扇区大小: 4096B, CRC: 有效
[21:46:07.304] [GPT] LUN3 解析结果: 3 个分区
[21:46:07.325] [GPT]   ALIGN_TO_128K_1                LBA          6 -         31      104 KB
[21:46:07.325] [GPT]   cdt                            LBA         32 -         63      128 KB
[21:46:07.325] [GPT]   ddr                            LBA         64 -       8186    31.73 MB
[21:46:07.378] [GPT] LUN4 标准模式读取 256 扇区 (1024KB)...
[21:46:07.407] [GPT] LUN4 收到 1048576 字节
[21:46:07.407] [GPT] LUN4 读取完成: 1048576 字节 (82ms)
[21:46:07.407] [GPT] LUN4 找到 GPT 签名 @ 偏移 4096
[21:46:07.407] [GPT] LUN4 开始解析 GPT (数据大小: 1048576 字节, 当前扇区大小: 4096B)
[21:46:07.407] [GPT] 在偏移 4096 处找到 GPT Header
[21:46:07.407] [GPT] 自动检测扇区大小: 4096 字节 (Header偏移=4096, MyLBA=1)
[21:46:07.407] [GPT] LUN4 解析: Header@4096, SectorSize=4096, EntrySize=128
[21:46:07.407] [GPT] Header: PartitionEntryLba=2, Entries=96
[21:46:07.407] [GPT] 分区条目偏移: 8192 (PartitionEntryLba(2) * 4096B)
[21:46:07.407] [GPT] #1: aop_a @ LBA 6 (512 KB)
[21:46:07.407] [GPT] #2: tz_a @ LBA 134 (4.00 MB)
[21:46:07.407] [GPT] #3: hyp_a @ LBA 1158 (8.00 MB)
[21:46:07.407] [GPT] #4: modem_a @ LBA 3206 (2.23 GB)
[21:46:07.407] [GPT] #5: bluetooth_a @ LBA 117894 (2.00 MB)
[21:46:07.407] [GPT] #20: cpucp_a @ LBA 213038 (1.00 MB)
[21:46:07.407] [GPT] #40: uefisecapp_b @ LBA 445838 (2.00 MB)
[21:46:07.407] [GPT] #60: catefv @ LBA 521394 (512 KB)
[21:46:07.407] [GPT] LUN4 解析完成: 67 个分区
[21:46:07.408] [Slot] 检测到 46 个 A/B 分区
[21:46:07.408] [Slot] 使用 8 个分区进行槽位判断
[21:46:07.408] [Slot] A激活=0, B激活=0
[21:46:07.408] [Slot] A优先级=0.00, B优先级=0.00
[21:46:07.408] [Slot] A成功=0, B成功=0
[21:46:07.411] [Slot] Slot A 分区:
[21:46:07.412] [Slot]   abl_a                Pri=0 Act=False Suc=False Unb=False
[21:46:07.412] [Slot]   boot_a               Pri=0 Act=False Suc=False Unb=False
[21:46:07.412] [Slot]   vbmeta_a             Pri=0 Act=False Suc=False Unb=False
[21:46:07.412] [Slot]   dtbo_a               Pri=0 Act=False Suc=False Unb=False
[21:46:07.412] [Slot] Slot B 分区:
[21:46:07.412] [Slot]   abl_b                Pri=0 Act=False Suc=False Unb=False
[21:46:07.412] [Slot]   boot_b               Pri=0 Act=False Suc=False Unb=False
[21:46:07.412] [Slot]   vbmeta_b             Pri=0 Act=False Suc=False Unb=False
[21:46:07.412] [Slot]   dtbo_b               Pri=0 Act=False Suc=False Unb=False
[21:46:07.412] [GPT] LUN4: 67 个分区, 槽位: undefined (未定义 (无激活标志))
[21:46:07.412] [GPT] LUN4 GPT Header 详情:
[21:46:07.412] [GPT]   类型: gptmain, 版本: 00010000, Header大小: 92B
[21:46:07.412] [GPT]   磁盘 GUID: 51F67283-2B06-F894-7DC0-30F01F832BE0
[21:46:07.412] [GPT]   MyLBA: 1, AlternateLBA: 587775
[21:46:07.412] [GPT]   可用区域: LBA 6 - 587770
[21:46:07.412] [GPT]   分区条目: LBA 2, 数量: 96, 条目大小: 128B
[21:46:07.412] [GPT]   扇区大小: 4096B, CRC: 有效
[21:46:07.412] [GPT]   A/B 槽位: undefined (未定义 (无激活标志))
[21:46:07.412] [GPT] LUN4 解析结果: 67 个分区
[21:46:07.426] [GPT]   aop_a                          LBA          6 -        133      512 KB
[21:46:07.426] [GPT]   tz_a                           LBA        134 -       1157     4.00 MB
[21:46:07.426] [GPT]   hyp_a                          LBA       1158 -       3205     8.00 MB
[21:46:07.426] [GPT]   modem_a                        LBA       3206 -     587770     2.23 GB
[21:46:07.426] [GPT]   bluetooth_a                    LBA     117894 -     118405     2.00 MB
[21:46:07.426] [GPT]   mdtpsecapp_a                   LBA     118406 -     119429     4.00 MB
[21:46:07.426] [GPT]   mdtp_a                         LBA     119430 -     127621    32.00 MB
[21:46:07.426] [GPT]   abl_a                          LBA     127622 -     128133     2.00 MB
[21:46:07.426] [GPT]   dsp_a                          LBA     128134 -     144517    64.00 MB
[21:46:07.426] [GPT]   keymaster_a                    LBA     144518 -     144773     1.00 MB
[21:46:07.426] [GPT]   boot_a                         LBA     144774 -     193925   192.00 MB
[21:46:07.426] [GPT]   devcfg_a                       LBA     193926 -     193989      256 KB
[21:46:07.426] [GPT]   qupfw_a                        LBA     193990 -     194021      128 KB
[21:46:07.426] [GPT]   vbmeta_a                       LBA     194022 -     194053      128 KB
[21:46:07.426] [GPT]   dtbo_a                         LBA     194054 -     200197    24.00 MB
[21:46:07.426] [GPT]   uefisecapp_a                   LBA     200198 -     200709     2.00 MB
[21:46:07.426] [GPT]   imagefv_a                      LBA     200710 -     212997    48.00 MB
[21:46:07.426] [GPT]   shrm_a                         LBA     212998 -     213029      128 KB
[21:46:07.426] [GPT]   multiimgoem_a                  LBA     213030 -     213037       32 KB
[21:46:07.426] [GPT]   cpucp_a                        LBA     213038 -     213293     1.00 MB
[21:46:07.426] [GPT]   featenabler_a                  LBA     213294 -     213325      128 KB
[21:46:07.426] [GPT]   vendor_boot_a                  LBA     213326 -     237901    96.00 MB
[21:46:07.426] [GPT]   qmcs                           LBA     237902 -     245581    30.00 MB
[21:46:07.426] [GPT]   qweslicstore_a                 LBA     245582 -     245645      256 KB
[21:46:07.426] [GPT]   aop_b                          LBA     245646 -     245773      512 KB
[21:46:07.426] [GPT]   tz_b                           LBA     245774 -     246797     4.00 MB
[21:46:07.426] [GPT]   hyp_b                          LBA     246798 -     248845     8.00 MB
[21:46:07.426] [GPT]   modem_b                        LBA     248846 -     363533   448.00 MB
[21:46:07.426] [GPT]   bluetooth_b                    LBA     363534 -     364045     2.00 MB
[21:46:07.426] [GPT]   mdtpsecapp_b                   LBA     364046 -     365069     4.00 MB
[21:46:07.426] [GPT]   mdtp_b                         LBA     365070 -     373261    32.00 MB
[21:46:07.426] [GPT]   abl_b                          LBA     373262 -     373773     2.00 MB
[21:46:07.426] [GPT]   dsp_b                          LBA     373774 -     390157    64.00 MB
[21:46:07.426] [GPT]   keymaster_b                    LBA     390158 -     390413     1.00 MB
[21:46:07.426] [GPT]   boot_b                         LBA     390414 -     439565   192.00 MB
[21:46:07.426] [GPT]   devcfg_b                       LBA     439566 -     439629      256 KB
[21:46:07.426] [GPT]   qupfw_b                        LBA     439630 -     439661      128 KB
[21:46:07.426] [GPT]   vbmeta_b                       LBA     439662 -     439693      128 KB
[21:46:07.426] [GPT]   dtbo_b                         LBA     439694 -     445837    24.00 MB
[21:46:07.426] [GPT]   uefisecapp_b                   LBA     445838 -     446349     2.00 MB
[21:46:07.426] [GPT]   imagefv_b                      LBA     446350 -     458637    48.00 MB
[21:46:07.426] [GPT]   shrm_b                         LBA     458638 -     458669      128 KB
[21:46:07.426] [GPT]   multiimgoem_b                  LBA     458670 -     458677       32 KB
[21:46:07.426] [GPT]   cpucp_b                        LBA     458678 -     458933     1.00 MB
[21:46:07.426] [GPT]   featenabler_b                  LBA     458934 -     458965      128 KB
[21:46:07.426] [GPT]   vendor_boot_b                  LBA     458966 -     483541    96.00 MB
[21:46:07.426] [GPT]   qweslicstore_b                 LBA     483542 -     483605      256 KB
[21:46:07.426] [GPT]   dip                            LBA     483606 -     483861     1.00 MB
[21:46:07.426] [GPT]   apdp                           LBA     483862 -     483925      256 KB
[21:46:07.426] [GPT]   splash                         LBA     483926 -     492281    32.64 MB
[21:46:07.426] [GPT]   limits                         LBA     492282 -     492289       32 KB
[21:46:07.426] [GPT]   limits-cdsp                    LBA     492290 -     492297       32 KB
[21:46:07.426] [GPT]   toolsfv                        LBA     492298 -     492553     1.00 MB
[21:46:07.426] [GPT]   logfs                          LBA     492554 -     494601     8.00 MB
[21:46:07.426] [GPT]   quantumsdk                     LBA     494602 -     504841    40.00 MB
[21:46:07.426] [GPT]   logdump                        LBA     504842 -     521225    64.00 MB
[21:46:07.426] [GPT]   storsec                        LBA     521226 -     521257      128 KB
[21:46:07.426] [GPT]   uefivarstore                   LBA     521258 -     521385      512 KB
[21:46:07.426] [GPT]   secdata                        LBA     521386 -     521393       32 KB
[21:46:07.426] [GPT]   catefv                         LBA     521394 -     521521      512 KB
[21:46:07.426] [GPT]   catecontentfv                  LBA     521522 -     521777     1.00 MB
[21:46:07.426] [GPT]   vm-data                        LBA     521778 -     530133    32.64 MB
[21:46:07.426] [GPT]   mdcompress                     LBA     530134 -     535253    20.00 MB
[21:46:07.426] [GPT]   connsec                        LBA     535254 -     535285      128 KB
[21:46:07.426] [GPT]   tzsc          壉             LBA     535286 -     535317      128 KB
[21:46:07.426] [GPT]   rtice                          LBA     535318 -     535445      512 KB
[21:46:07.426] [GPT]   gsort                          LBA     535446 -     587770   204.39 MB
[21:46:07.485] [GPT] LUN5 标准模式读取 256 扇区 (1024KB)...
[21:46:07.516] [GPT] LUN5 收到 1048576 字节
[21:46:07.516] [GPT] LUN5 读取完成: 1048576 字节 (89ms)
[21:46:07.516] [GPT] LUN5 找到 GPT 签名 @ 偏移 4096
[21:46:07.516] [GPT] LUN5 开始解析 GPT (数据大小: 1048576 字节, 当前扇区大小: 4096B)
[21:46:07.516] [GPT] 在偏移 4096 处找到 GPT Header
[21:46:07.516] [GPT] 自动检测扇区大小: 4096 字节 (Header偏移=4096, MyLBA=1)
[21:46:07.516] [GPT] LUN5 解析: Header@4096, SectorSize=4096, EntrySize=128
[21:46:07.516] [GPT] Header: PartitionEntryLba=2, Entries=32
[21:46:07.516] [GPT] 分区条目偏移: 8192 (PartitionEntryLba(2) * 4096B)
[21:46:07.516] [GPT] #1: ALIGN_TO_128K_2 @ LBA 6 (104 KB)
[21:46:07.516] [GPT] #2: modemst1 @ LBA 32 (8.00 MB)
[21:46:07.516] [GPT] #3: modemst2 @ LBA 2080 (8.00 MB)
[21:46:07.516] [GPT] #4: fsg @ LBA 4128 (8.00 MB)
[21:46:07.516] [GPT] #5: fsc @ LBA 6176 (7.86 MB)
[21:46:07.516] [GPT] LUN5 解析完成: 5 个分区
[21:46:07.516] [Slot] 未检测到 A/B 分区
[21:46:07.516] [GPT] LUN5: 5 个分区, 槽位: nonexistent ()
[21:46:07.516] [GPT] LUN5 GPT Header 详情:
[21:46:07.516] [GPT]   类型: gptmain, 版本: 00010000, Header大小: 92B
[21:46:07.516] [GPT]   磁盘 GUID: 81318277-F716-5BF5-9850-0FCF23F5DEAA
[21:46:07.516] [GPT]   MyLBA: 1, AlternateLBA: 8191
[21:46:07.516] [GPT]   可用区域: LBA 6 - 8186
[21:46:07.516] [GPT]   分区条目: LBA 2, 数量: 32, 条目大小: 128B
[21:46:07.516] [GPT]   扇区大小: 4096B, CRC: 有效
[21:46:07.516] [GPT] LUN5 解析结果: 5 个分区
[21:46:07.519] [GPT]   ALIGN_TO_128K_2                LBA          6 -         31      104 KB
[21:46:07.519] [GPT]   modemst1                       LBA         32 -       2079     8.00 MB
[21:46:07.519] [GPT]   modemst2                       LBA       2080 -       4127     8.00 MB
[21:46:07.519] [GPT]   fsg                            LBA       4128 -       6175     8.00 MB
[21:46:07.519] [GPT]   fsc                            LBA       6176 -       8186     7.86 MB
[21:46:07.577] [高通] ────────────────────────────────────────────────────────────────
[21:46:07.577] [高通] LUN  分区名                                  起始扇区         结束扇区         大小
[21:46:07.577] [高通] ────────────────────────────────────────────────────────────────
[21:46:07.577] [高通] 0    switch                                  6            7       8 KB
[21:46:07.577] [高通] 0    ssd                                     8           15      32 KB
[21:46:07.577] [高通] 0    dbg                                    16           23      32 KB
[21:46:07.577] [高通] 0    bk01                                   24           31      32 KB
[21:46:07.577] [高通] 0    bk02                                   32           63     128 KB
[21:46:07.577] [高通] 0    bk03                                   64          127     256 KB
[21:46:07.577] [高通] 0    bk04                                  128          255     512 KB
[21:46:07.577] [高通] 0    persist                               256        16639   64.00 MB
[21:46:07.577] [高通] 0    persistbak                          16640        33023   64.00 MB
[21:46:07.577] [高通] 0    countrycode                         33024        33535    2.00 MB
[21:46:07.577] [高通] 0    misc                                33536        34559    4.00 MB
[21:46:07.577] [高通] 0    bk06                                34560        36607    8.00 MB
[21:46:07.577] [高通] 0    keystore                            36608        36735     512 KB
[21:46:07.577] [高通] 0    frp                                 36736        36863     512 KB
[21:46:07.577] [高通] 0    bk07                                36864        38911    8.00 MB
[21:46:07.577] [高通] 0    ffu                                 38912        40959    8.00 MB
[21:46:07.577] [高通] 0    oops                                40960        45055   16.00 MB
[21:46:07.577] [高通] 0    devinfo                             45056        49151   16.00 MB
[21:46:07.577] [高通] 0    cust                                49152       573439    2.00 GB
[21:46:07.577] [高通] 0    super                              573440      2801663    8.50 GB
[21:46:07.577] [高通] 0    vbmeta_system_a                   2801664      2801695     128 KB
[21:46:07.577] [高通] 0    vbmeta_system_b                   2801696      2801727     128 KB
[21:46:07.577] [高通] 0    bk010                             2801728      2809855   31.75 MB
[21:46:07.577] [高通] 0    metadata                          2809856      2813951   16.00 MB
[21:46:07.577] [高通] 0    bk08                              2813952      2818047   16.00 MB
[21:46:07.577] [高通] 0    splash                            2818048      2826239   32.00 MB
[21:46:07.577] [高通] 0    bk09                              2826240      2834431   32.00 MB
[21:46:07.577] [高通] 0    mtdblk                            2834432      2842623   32.00 MB
[21:46:07.577] [高通] 0    logdump                           2842624      2859007   64.00 MB
[21:46:07.577] [高通] 0    minidump                          2859008      2883583   96.00 MB
[21:46:07.577] [高通] 0    rawdump                           2883584      2934783  200.00 MB
[21:46:07.577] [高通] 0    rescue                            2934784      2967551  128.00 MB
[21:46:07.577] [高通] 0    userdata                          2967552     30617594  105.48 GB
[21:46:07.577] [高通] 1    xbl_a                                   6         2053    8.00 MB
[21:46:07.577] [高通] 1    xbl_config_a                         2054         4090    7.96 MB
[21:46:07.577] [高通] 2    xbl_b                                   6         2053    8.00 MB
[21:46:07.577] [高通] 2    xbl_config_b                         2054         4090    7.96 MB
[21:46:07.577] [高通] 3    ALIGN_TO_128K_1                         6           31     104 KB
[21:46:07.577] [高通] 3    cdt                                    32           63     128 KB
[21:46:07.577] [高通] 3    ddr                                    64         8186   31.73 MB
[21:46:07.577] [高通] 4    aop_a                                   6          133     512 KB
[21:46:07.577] [高通] 4    tz_a                                  134         1157    4.00 MB
[21:46:07.577] [高通] 4    hyp_a                                1158         3205    8.00 MB
[21:46:07.577] [高通] 4    modem_a                              3206       587770    2.23 GB
[21:46:07.577] [高通] 4    bluetooth_a                        117894       118405    2.00 MB
[21:46:07.577] [高通] 4    mdtpsecapp_a                       118406       119429    4.00 MB
[21:46:07.577] [高通] 4    mdtp_a                             119430       127621   32.00 MB
[21:46:07.577] [高通] 4    abl_a                              127622       128133    2.00 MB
[21:46:07.577] [高通] 4    dsp_a                              128134       144517   64.00 MB
[21:46:07.577] [高通] 4    keymaster_a                        144518       144773    1.00 MB
[21:46:07.577] [高通] 4    boot_a                             144774       193925  192.00 MB
[21:46:07.577] [高通] 4    devcfg_a                           193926       193989     256 KB
[21:46:07.577] [高通] 4    qupfw_a                            193990       194021     128 KB
[21:46:07.577] [高通] 4    vbmeta_a                           194022       194053     128 KB
[21:46:07.577] [高通] 4    dtbo_a                             194054       200197   24.00 MB
[21:46:07.577] [高通] 4    uefisecapp_a                       200198       200709    2.00 MB
[21:46:07.577] [高通] 4    imagefv_a                          200710       212997   48.00 MB
[21:46:07.577] [高通] 4    shrm_a                             212998       213029     128 KB
[21:46:07.577] [高通] 4    multiimgoem_a                      213030       213037      32 KB
[21:46:07.577] [高通] 4    cpucp_a                            213038       213293    1.00 MB
[21:46:07.577] [高通] 4    featenabler_a                      213294       213325     128 KB
[21:46:07.577] [高通] 4    vendor_boot_a                      213326       237901   96.00 MB
[21:46:07.577] [高通] 4    qmcs                               237902       245581   30.00 MB
[21:46:07.577] [高通] 4    qweslicstore_a                     245582       245645     256 KB
[21:46:07.577] [高通] 4    aop_b                              245646       245773     512 KB
[21:46:07.577] [高通] 4    tz_b                               245774       246797    4.00 MB
[21:46:07.577] [高通] 4    hyp_b                              246798       248845    8.00 MB
[21:46:07.577] [高通] 4    modem_b                            248846       363533  448.00 MB
[21:46:07.577] [高通] 4    bluetooth_b                        363534       364045    2.00 MB
[21:46:07.577] [高通] 4    mdtpsecapp_b                       364046       365069    4.00 MB
[21:46:07.577] [高通] 4    mdtp_b                             365070       373261   32.00 MB
[21:46:07.577] [高通] 4    abl_b                              373262       373773    2.00 MB
[21:46:07.577] [高通] 4    dsp_b                              373774       390157   64.00 MB
[21:46:07.577] [高通] 4    keymaster_b                        390158       390413    1.00 MB
[21:46:07.577] [高通] 4    boot_b                             390414       439565  192.00 MB
[21:46:07.577] [高通] 4    devcfg_b                           439566       439629     256 KB
[21:46:07.577] [高通] 4    qupfw_b                            439630       439661     128 KB
[21:46:07.577] [高通] 4    vbmeta_b                           439662       439693     128 KB
[21:46:07.577] [高通] 4    dtbo_b                             439694       445837   24.00 MB
[21:46:07.577] [高通] 4    uefisecapp_b                       445838       446349    2.00 MB
[21:46:07.577] [高通] 4    imagefv_b                          446350       458637   48.00 MB
[21:46:07.577] [高通] 4    shrm_b                             458638       458669     128 KB
[21:46:07.577] [高通] 4    multiimgoem_b                      458670       458677      32 KB
[21:46:07.577] [高通] 4    cpucp_b                            458678       458933    1.00 MB
[21:46:07.577] [高通] 4    featenabler_b                      458934       458965     128 KB
[21:46:07.577] [高通] 4    vendor_boot_b                      458966       483541   96.00 MB
[21:46:07.577] [高通] 4    qweslicstore_b                     483542       483605     256 KB
[21:46:07.577] [高通] 4    dip                                483606       483861    1.00 MB
[21:46:07.577] [高通] 4    apdp                               483862       483925     256 KB
[21:46:07.577] [高通] 4    splash                             483926       492281   32.64 MB
[21:46:07.577] [高通] 4    limits                             492282       492289      32 KB
[21:46:07.577] [高通] 4    limits-cdsp                        492290       492297      32 KB
[21:46:07.577] [高通] 4    toolsfv                            492298       492553    1.00 MB
[21:46:07.577] [高通] 4    logfs                              492554       494601    8.00 MB
[21:46:07.577] [高通] 4    quantumsdk                         494602       504841   40.00 MB
[21:46:07.577] [高通] 4    logdump                            504842       521225   64.00 MB
[21:46:07.577] [高通] 4    storsec                            521226       521257     128 KB
[21:46:07.577] [高通] 4    uefivarstore                       521258       521385     512 KB
[21:46:07.577] [高通] 4    secdata                            521386       521393      32 KB
[21:46:07.577] [高通] 4    catefv                             521394       521521     512 KB
[21:46:07.577] [高通] 4    catecontentfv                      521522       521777    1.00 MB
[21:46:07.577] [高通] 4    vm-data                            521778       530133   32.64 MB
[21:46:07.577] [高通] 4    mdcompress                         530134       535253   20.00 MB
[21:46:07.577] [高通] 4    connsec                            535254       535285     128 KB
[21:46:07.577] [高通] 4    tzsc          壉                 535286       535317     128 KB
[21:46:07.577] [高通] 4    rtice                              535318       535445     512 KB
[21:46:07.577] [高通] 4    gsort                              535446       587770  204.39 MB
[21:46:07.577] [高通] 5    ALIGN_TO_128K_2                         6           31     104 KB
[21:46:07.577] [高通] 5    modemst1                               32         2079    8.00 MB
[21:46:07.577] [高通] 5    modemst2                             2080         4127    8.00 MB
[21:46:07.577] [高通] 5    fsg                                  4128         6175    8.00 MB
[21:46:07.577] [高通] 5    fsc                                  6176         8186    7.86 MB
[21:46:07.577] [高通] ────────────────────────────────────────────────────────────────
[21:46:07.577] [高通] LUN0: 33 个分区, 总扇区数: 30617589
[21:46:07.577] [高通] LUN1: 2 个分区, 总扇区数: 4085
[21:46:07.577] [高通] LUN2: 2 个分区, 总扇区数: 4085
[21:46:07.577] [高通] LUN3: 3 个分区, 总扇区数: 8181
[21:46:07.577] [高通] LUN4: 67 个分区, 总扇区数: 1057642
[21:46:07.577] [高通] LUN5: 5 个分区, 总扇区数: 8181
